2026-07-16 23:06:59,702  INFO      Carpeta: \\LAMARSERVER\Empresa\Lamar\LIMSS\backend\WORDPT
2026-07-16 23:06:59,704  INFO      Archivos encontrados: 42
2026-07-16 23:06:59,705  INFO      Modo: INSERCION EN BD
2026-07-16 23:06:59,706  INFO      ============================================================
2026-07-16 23:07:00,392  INFO      Conexion a BD LIMSS OK
2026-07-16 23:07:00,393  INFO      
-> Amoxicilina 100 Comp  ESP.docx
2026-07-16 23:07:02,446  INFO        Codigo:  PT001
2026-07-16 23:07:02,447  INFO        Nombre:  AMOXICILINA LAMAR 100 mg comprimidos
2026-07-16 23:07:02,524  INFO        Ensayos: 8
2026-07-16 23:07:02,527  INFO          - Aspecto
2026-07-16 23:07:02,529  INFO          - Peso promedio
2026-07-16 23:07:02,530  INFO          - Uniformidad de peso
2026-07-16 23:07:02,531  INFO          - Dureza
2026-07-16 23:07:02,536  INFO          - Friabilidad
2026-07-16 23:07:02,537  INFO          - Tiempo de desintegración
2026-07-16 23:07:02,538  INFO          - Identificación
2026-07-16 23:07:02,539  INFO          - Valoración
2026-07-16 23:07:03,022  INFO        Insertado OK
2026-07-16 23:07:03,023  INFO      
-> Amoxicilina 250 Comp  ESP.docx
2026-07-16 23:07:03,106  INFO        Codigo:  PT002
2026-07-16 23:07:03,113  INFO        Nombre:  AMOXICILINA 250 LAMAR comprimidos
2026-07-16 23:07:03,116  INFO        Ensayos: 8
2026-07-16 23:07:03,118  INFO          - Aspecto
2026-07-16 23:07:03,119  INFO          - Peso promedio
2026-07-16 23:07:03,121  INFO          - Uniformidad de peso
2026-07-16 23:07:03,122  INFO          - Dureza
2026-07-16 23:07:03,130  INFO          - Friabilidad
2026-07-16 23:07:03,136  INFO          - Tiempo de desintegración
2026-07-16 23:07:03,147  INFO          - Identificación
2026-07-16 23:07:03,153  INFO          - Valoración
2026-07-16 23:07:03,224  INFO        Insertado OK
2026-07-16 23:07:03,225  INFO      
-> Amoxicilina 500 Comp  ESP.docx
2026-07-16 23:07:03,449  INFO        Codigo:  PT003
2026-07-16 23:07:03,452  INFO        Nombre:  AMOXICILINA 500 LAMAR comprimidos
2026-07-16 23:07:03,454  INFO        Ensayos: 8
2026-07-16 23:07:03,456  INFO          - Aspecto
2026-07-16 23:07:03,459  INFO          - Peso promedio
2026-07-16 23:07:03,465  INFO          - Uniformidad de peso
2026-07-16 23:07:03,488  INFO          - Dureza
2026-07-16 23:07:03,521  INFO          - Friabilidad
2026-07-16 23:07:03,541  INFO          - Tiempo de desintegración
2026-07-16 23:07:03,544  INFO          - Identificación
2026-07-16 23:07:03,551  INFO          - Valoración
2026-07-16 23:07:03,597  INFO        Insertado OK
2026-07-16 23:07:03,598  INFO      
-> Amoxicilina Suspensión  ESP.docx
2026-07-16 23:07:03,718  INFO        Codigo:  PT004
2026-07-16 23:07:03,719  INFO        Nombre:  AMOXICILINA LAMAR SUSPENSION suspensión extemporánea 20 mg /ml
2026-07-16 23:07:03,721  INFO        Ensayos: 5
2026-07-16 23:07:03,722  INFO          - Aspecto
2026-07-16 23:07:03,724  INFO          - pH
2026-07-16 23:07:03,725  INFO          - Densidad
2026-07-16 23:07:03,726  INFO          - Identificación
2026-07-16 23:07:03,727  INFO          - Valoración
2026-07-16 23:07:03,808  INFO        Insertado OK
2026-07-16 23:07:03,809  INFO      
-> Bronco Tos  ESP.docx
2026-07-16 23:07:03,898  INFO        Codigo:  PT006
2026-07-16 23:07:03,899  INFO        Nombre:  BRONCO TOS jarabe
2026-07-16 23:07:03,901  INFO        Ensayos: 9
2026-07-16 23:07:03,903  INFO          - Aspecto
2026-07-16 23:07:03,904  INFO          - pH
2026-07-16 23:07:03,905  INFO          - Densidad
2026-07-16 23:07:03,907  INFO          - Volumen de entrega
2026-07-16 23:07:03,908  INFO          - Identificación general de Producto intermedio*
2026-07-16 23:07:03,909  INFO          - Identificación de Tiocol
2026-07-16 23:07:03,911  INFO          - Identificación de solución concentrada para jarabe de Tolú en Producto intermedio*
2026-07-16 23:07:03,914  INFO          - Valoración de Tiocol
2026-07-16 23:07:03,918  INFO          - Valoración de solución concentrada para jarabe de Tolú en Producto intermedio*
2026-07-16 23:07:04,026  INFO        Insertado OK
2026-07-16 23:07:04,027  INFO      
-> Bronco Tos Forte ESP.docx
2026-07-16 23:07:04,125  INFO        Codigo:  PT005
2026-07-16 23:07:04,127  INFO        Nombre:  BRONCO TOS FORTE jarabe
2026-07-16 23:07:04,129  INFO        Ensayos: 9
2026-07-16 23:07:04,131  INFO          - Aspecto
2026-07-16 23:07:04,132  INFO          - pH
2026-07-16 23:07:04,136  INFO          - Densidad
2026-07-16 23:07:04,141  INFO          - Volumen de entrega
2026-07-16 23:07:04,148  INFO          - Identificación general
2026-07-16 23:07:04,153  INFO          - Identificación de Tiocol
2026-07-16 23:07:04,155  INFO          - Identificación de solución concentrada para jarabe de Tolú
2026-07-16 23:07:04,159  INFO          - Valoración de Tiocol
2026-07-16 23:07:04,162  INFO          - Valoración de solución concentrada para jarabe de Tolú
2026-07-16 23:07:04,361  INFO        Insertado OK
2026-07-16 23:07:04,362  INFO      
-> Celam 1000 Comp  ESP.docx
2026-07-16 23:07:04,451  INFO        Codigo:  PT008
2026-07-16 23:07:04,456  INFO        Nombre:  CELAM 1000 mg comprimidos
2026-07-16 23:07:04,458  INFO        Ensayos: 8
2026-07-16 23:07:04,459  INFO          - Aspecto
2026-07-16 23:07:04,461  INFO          - Peso promedio
2026-07-16 23:07:04,462  INFO          - Uniformidad de peso
2026-07-16 23:07:04,464  INFO          - Dureza
2026-07-16 23:07:04,465  INFO          - Friabilidad
2026-07-16 23:07:04,467  INFO          - Tiempo de desintegración
2026-07-16 23:07:04,473  INFO          - Identificación
2026-07-16 23:07:04,477  INFO          - Valoración
2026-07-16 23:07:04,527  INFO        Insertado OK
2026-07-16 23:07:04,532  INFO      
-> Celam 500 Comp  ESP.docx
2026-07-16 23:07:04,610  INFO        Codigo:  PT007
2026-07-16 23:07:04,611  INFO        Nombre:  CELAM 500 mg comprimidos
2026-07-16 23:07:04,614  INFO        Ensayos: 8
2026-07-16 23:07:04,615  INFO          - Aspecto
2026-07-16 23:07:04,616  INFO          - Peso promedio
2026-07-16 23:07:04,618  INFO          - Uniformidad de peso
2026-07-16 23:07:04,621  INFO          - Dureza
2026-07-16 23:07:04,622  INFO          - Friabilidad
2026-07-16 23:07:04,626  INFO          - Tiempo de desintegración
2026-07-16 23:07:04,630  INFO          - Identificación
2026-07-16 23:07:04,839  INFO          - Valoración
2026-07-16 23:07:05,114  INFO        Insertado OK
2026-07-16 23:07:05,170  INFO      
-> Celam Suspensión  ESP.docx
2026-07-16 23:07:05,658  INFO        Codigo:  PT009
2026-07-16 23:07:05,661  INFO        Nombre:  CELAM SUSPENSIÓN 60 mg /ml
2026-07-16 23:07:05,664  INFO        Ensayos: 5
2026-07-16 23:07:05,666  INFO          - Aspecto
2026-07-16 23:07:05,668  INFO          - pH
2026-07-16 23:07:05,670  INFO          - Densidad
2026-07-16 23:07:05,673  INFO          - Identificación
2026-07-16 23:07:05,676  INFO          - Valoración
2026-07-16 23:07:05,818  INFO        Insertado OK
2026-07-16 23:07:05,822  INFO      
-> Clindamicin 110 mg Comp  ESP.docx
2026-07-16 23:07:05,915  INFO        Codigo:  PT010
2026-07-16 23:07:05,916  INFO        Nombre:  CLINDAMICIN 110 mg comprimidos
2026-07-16 23:07:05,919  INFO        Ensayos: 8
2026-07-16 23:07:05,920  INFO          - Aspecto
2026-07-16 23:07:05,922  INFO          - Peso promedio
2026-07-16 23:07:05,923  INFO          - Uniformidad de peso
2026-07-16 23:07:05,924  INFO          - Dureza
2026-07-16 23:07:05,925  INFO          - Friabilidad
2026-07-16 23:07:05,928  INFO          - Tiempo de desintegración
2026-07-16 23:07:05,929  INFO          - Identificación
2026-07-16 23:07:05,930  INFO          - Valoración
2026-07-16 23:07:05,961  INFO        Insertado OK
2026-07-16 23:07:05,966  INFO      
-> Clindamicin 220 mg Comp  ESP.docx
2026-07-16 23:07:06,045  INFO        Codigo:  PT011
2026-07-16 23:07:06,046  INFO        Nombre:  CLINDAMICIN 220 mg comprimidos
2026-07-16 23:07:06,048  INFO        Ensayos: 8
2026-07-16 23:07:06,050  INFO          - Aspecto
2026-07-16 23:07:06,052  INFO          - Peso promedio
2026-07-16 23:07:06,053  INFO          - Uniformidad de peso
2026-07-16 23:07:06,055  INFO          - Dureza
2026-07-16 23:07:06,056  INFO          - Friabilidad
2026-07-16 23:07:06,057  INFO          - Tiempo de desintegración
2026-07-16 23:07:06,059  INFO          - Identificación
2026-07-16 23:07:06,064  INFO          - Valoración
2026-07-16 23:07:06,174  INFO        Insertado OK
2026-07-16 23:07:06,175  INFO      
-> Clormadinona Lamar Comp  ESP.docx
2026-07-16 23:07:06,273  INFO        Codigo:  PT012
2026-07-16 23:07:06,274  INFO        Nombre:  CLORMADINONA LAMAR comprimidos
2026-07-16 23:07:06,276  INFO        Ensayos: 8
2026-07-16 23:07:06,278  INFO          - Aspecto
2026-07-16 23:07:06,280  INFO          - Peso promedio
2026-07-16 23:07:06,282  INFO          - Uniformidad de peso
2026-07-16 23:07:06,283  INFO          - Dureza
2026-07-16 23:07:06,287  INFO          - Friabilidad
2026-07-16 23:07:06,288  INFO          - Tiempo de desintegración
2026-07-16 23:07:06,290  INFO          - Identificación
2026-07-16 23:07:06,291  INFO          - Valoración
2026-07-16 23:07:06,431  INFO        Insertado OK
2026-07-16 23:07:06,432  INFO      
-> Clorpromazina Lamar Comp  ESP.docx
2026-07-16 23:07:06,511  INFO        Codigo:  PT013
2026-07-16 23:07:06,512  INFO        Nombre:  CLORPROMAZINA LAMAR comprimidos
2026-07-16 23:07:06,514  INFO        Ensayos: 8
2026-07-16 23:07:06,516  INFO          - Aspecto
2026-07-16 23:07:06,517  INFO          - Peso promedio
2026-07-16 23:07:06,518  INFO          - Uniformidad de peso
2026-07-16 23:07:06,520  INFO          - Dureza
2026-07-16 23:07:06,521  INFO          - Friabilidad
2026-07-16 23:07:06,522  INFO          - Tiempo de desintegración
2026-07-16 23:07:06,523  INFO          - Identificación
2026-07-16 23:07:06,525  INFO          - Valoración
2026-07-16 23:07:06,560  INFO        Insertado OK
2026-07-16 23:07:06,562  INFO      
-> Dexametasona iny ESP.docx
2026-07-16 23:07:06,650  INFO        Codigo:  PT014
2026-07-16 23:07:06,666  INFO        Nombre:  DEXAMETASONA LAMAR Inyectable
2026-07-16 23:07:06,670  INFO        Ensayos: 5
2026-07-16 23:07:06,674  INFO          - Aspecto
2026-07-16 23:07:06,676  INFO          - pH
2026-07-16 23:07:06,678  INFO          - Identificación
2026-07-16 23:07:06,686  INFO          - Valoración
2026-07-16 23:07:06,702  INFO          - Esterilidad
2026-07-16 23:07:06,808  INFO        Insertado OK
2026-07-16 23:07:06,813  INFO      
-> Dexametasona Lamar Comp  ESP.docx
2026-07-16 23:07:06,942  INFO        Codigo:  PT015
2026-07-16 23:07:06,947  INFO        Nombre:  DEXAMETASONA LAMAR comprimidos
2026-07-16 23:07:06,949  INFO        Ensayos: 8
2026-07-16 23:07:06,952  INFO          - Aspecto
2026-07-16 23:07:06,957  INFO          - Peso promedio
2026-07-16 23:07:06,964  INFO          - Uniformidad de peso
2026-07-16 23:07:06,966  INFO          - Dureza
2026-07-16 23:07:06,969  INFO          - Friabilidad
2026-07-16 23:07:06,971  INFO          - Tiempo de desintegración
2026-07-16 23:07:06,972  INFO          - Identificación
2026-07-16 23:07:06,973  INFO          - Valoración
2026-07-16 23:07:07,020  INFO        Insertado OK
2026-07-16 23:07:07,022  INFO      
-> Diazepan iny ESP.docx
2026-07-16 23:07:07,091  INFO        Codigo:  PT016
2026-07-16 23:07:07,092  INFO        Nombre:  DIAZEPAN LAMAR Inyectable
2026-07-16 23:07:07,095  INFO        Ensayos: 5
2026-07-16 23:07:07,096  INFO          - Aspecto
2026-07-16 23:07:07,097  INFO          - pH
2026-07-16 23:07:07,098  INFO          - Identificación
2026-07-16 23:07:07,102  INFO          - Valoración
2026-07-16 23:07:07,106  INFO          - Esterilidad
2026-07-16 23:07:07,145  INFO        Insertado OK
2026-07-16 23:07:07,146  INFO      
-> Enrofloxacina 150 mg Comp  ESP.docx
2026-07-16 23:07:07,216  INFO        Codigo:  PT018
2026-07-16 23:07:07,217  INFO        Nombre:  ENROFLOXACINA 150 LAMAR comprimidos
2026-07-16 23:07:07,219  INFO        Ensayos: 8
2026-07-16 23:07:07,222  INFO          - Aspecto
2026-07-16 23:07:07,224  INFO          - Peso promedio
2026-07-16 23:07:07,225  INFO          - Uniformidad de peso
2026-07-16 23:07:07,227  INFO          - Dureza
2026-07-16 23:07:07,230  INFO          - Friabilidad
2026-07-16 23:07:07,232  INFO          - Tiempo de desintegración
2026-07-16 23:07:07,234  INFO          - Identificación
2026-07-16 23:07:07,235  INFO          - Valoración
2026-07-16 23:07:07,340  INFO        Insertado OK
2026-07-16 23:07:07,344  INFO      
-> Enrofloxacina 50 mg Comp  ESP.docx
2026-07-16 23:07:07,437  INFO        Codigo:  PT017
2026-07-16 23:07:07,438  INFO        Nombre:  ENROFLOXACINA 50 LAMAR comprimidos
2026-07-16 23:07:07,441  INFO        Ensayos: 8
2026-07-16 23:07:07,442  INFO          - Aspecto
2026-07-16 23:07:07,444  INFO          - Peso promedio
2026-07-16 23:07:07,446  INFO          - Uniformidad de peso
2026-07-16 23:07:07,447  INFO          - Dureza
2026-07-16 23:07:07,449  INFO          - Friabilidad
2026-07-16 23:07:07,451  INFO          - Tiempo de desintegración
2026-07-16 23:07:07,453  INFO          - Identificación
2026-07-16 23:07:07,455  INFO          - Valoración
2026-07-16 23:07:07,487  INFO        Insertado OK
2026-07-16 23:07:07,489  INFO      
-> Entero sulfatrin susp ESP.docx
2026-07-16 23:07:07,550  INFO        Codigo:  PT019
2026-07-16 23:07:07,551  INFO        Nombre:  ENTERO SULFATRIM SUSPENSIÓN
2026-07-16 23:07:07,553  INFO        Ensayos: 5
2026-07-16 23:07:07,556  INFO          - Aspecto
2026-07-16 23:07:07,557  INFO          - pH
2026-07-16 23:07:07,558  INFO          - Densidad
2026-07-16 23:07:07,559  INFO          - Identificación
2026-07-16 23:07:07,561  INFO          - Valoración
2026-07-16 23:07:07,774  INFO        Insertado OK
2026-07-16 23:07:07,778  INFO      
-> Fenbendazol susp  ESP.docx
2026-07-16 23:07:07,895  INFO        Codigo:  PT020
2026-07-16 23:07:07,901  INFO        Nombre:  FENBENDAZOL LAMAR SUSPENSIÓN
2026-07-16 23:07:07,903  INFO        Ensayos: 5
2026-07-16 23:07:07,915  INFO          - Aspecto
2026-07-16 23:07:07,929  INFO          - pH
2026-07-16 23:07:07,932  INFO          - Densidad
2026-07-16 23:07:08,293  INFO          - Identificación
2026-07-16 23:07:08,581  INFO          - Valoración
2026-07-16 23:07:08,717  INFO        Insertado OK
2026-07-16 23:07:08,725  INFO      
-> Glucosa inyESP.docx
2026-07-16 23:07:09,234  INFO        Codigo:  PT021
2026-07-16 23:07:09,240  INFO        Nombre:  GLUCOSA HIPERTONICA LAMAR inyectable
2026-07-16 23:07:09,243  INFO        Ensayos: 5
2026-07-16 23:07:09,245  INFO          - Aspecto
2026-07-16 23:07:09,251  INFO          - pH
2026-07-16 23:07:09,254  INFO          - Identificación
2026-07-16 23:07:09,258  INFO          - Valoración
2026-07-16 23:07:09,259  INFO          - Esterilidad
2026-07-16 23:07:09,314  INFO        Insertado OK
2026-07-16 23:07:09,316  INFO      
-> Griseofulvina Lamar Comp  ESP.docx
2026-07-16 23:07:09,401  INFO        Codigo:  PT022
2026-07-16 23:07:09,402  INFO        Nombre:  GRISEOFULVINA 250 LAMAR comprimidos
2026-07-16 23:07:09,404  INFO        Ensayos: 8
2026-07-16 23:07:09,406  INFO          - Aspecto
2026-07-16 23:07:09,407  INFO          - Peso promedio
2026-07-16 23:07:09,409  INFO          - Uniformidad de peso
2026-07-16 23:07:09,411  INFO          - Dureza
2026-07-16 23:07:09,412  INFO          - Friabilidad
2026-07-16 23:07:09,414  INFO          - Tiempo de desintegración
2026-07-16 23:07:09,417  INFO          - Identificación
2026-07-16 23:07:09,419  INFO          - Valoración
2026-07-16 23:07:09,501  INFO        Insertado OK
2026-07-16 23:07:09,502  INFO      
-> Hidroxicina Lamar Comp  ESP.docx
2026-07-16 23:07:09,581  INFO        Codigo:  PT023
2026-07-16 23:07:09,582  INFO        Nombre:  HIDROXICINA LAMAR comprimidos
2026-07-16 23:07:09,585  INFO        Ensayos: 8
2026-07-16 23:07:09,587  INFO          - Aspecto
2026-07-16 23:07:09,591  INFO          - Peso promedio
2026-07-16 23:07:09,593  INFO          - Uniformidad de peso
2026-07-16 23:07:09,595  INFO          - Dureza
2026-07-16 23:07:09,597  INFO          - Friabilidad
2026-07-16 23:07:09,598  INFO          - Tiempo de desintegración
2026-07-16 23:07:09,599  INFO          - Identificación
2026-07-16 23:07:09,603  INFO          - Valoración
2026-07-16 23:07:09,724  INFO        Insertado OK
2026-07-16 23:07:09,725  INFO      
-> Knock Out  ESP.docx
2026-07-16 23:07:09,812  INFO        Codigo:  PT024
2026-07-16 23:07:09,817  INFO        Nombre:  KNOCK OUT Perros Spot On
2026-07-16 23:07:09,818  INFO        Ensayos: 5
2026-07-16 23:07:09,820  INFO          - Aspecto
2026-07-16 23:07:09,821  INFO          - Llenado mínimo
2026-07-16 23:07:09,824  INFO          - Densidad
2026-07-16 23:07:09,826  INFO          - Identificación
2026-07-16 23:07:09,829  INFO          - Valoración
2026-07-16 23:07:09,904  INFO        Insertado OK
2026-07-16 23:07:09,905  INFO      
-> Levamisol Comp  ESP.docx
2026-07-16 23:07:09,974  INFO        Codigo:  PT027
2026-07-16 23:07:09,975  INFO        Nombre:  LEVAMISOL LAMAR COMPRIMIDOS
2026-07-16 23:07:09,978  INFO        Ensayos: 8
2026-07-16 23:07:09,992  INFO          - Aspecto
2026-07-16 23:07:09,994  INFO          - Peso promedio
2026-07-16 23:07:09,998  INFO          - Uniformidad de peso
2026-07-16 23:07:10,000  INFO          - Dureza
2026-07-16 23:07:10,004  INFO          - Friabilidad
2026-07-16 23:07:10,005  INFO          - Tiempo de desintegración
2026-07-16 23:07:10,008  INFO          - Identificación
2026-07-16 23:07:10,010  INFO          - Valoración
2026-07-16 23:07:10,057  INFO        Insertado OK
2026-07-16 23:07:10,058  INFO      
-> Levamisol gotas ESP.docx
2026-07-16 23:07:10,123  INFO        Codigo:  PT026
2026-07-16 23:07:10,124  INFO        Nombre:  LEVAMISOL LAMAR GOTAS
2026-07-16 23:07:10,126  INFO        Ensayos: 4
2026-07-16 23:07:10,128  INFO          - Aspecto
2026-07-16 23:07:10,129  INFO          - pH
2026-07-16 23:07:10,130  INFO          - Identificación
2026-07-16 23:07:10,131  INFO          - Valoración
2026-07-16 23:07:10,162  INFO        Insertado OK
2026-07-16 23:07:10,163  INFO      
-> Mebendazol comp ESP.docx
2026-07-16 23:07:10,230  INFO        Codigo:  PT029
2026-07-16 23:07:10,231  INFO        Nombre:  MEBENDAZOL LAMAR COMPRIMIDOS
2026-07-16 23:07:10,233  INFO        Ensayos: 8
2026-07-16 23:07:10,235  INFO          - Aspecto
2026-07-16 23:07:10,236  INFO          - Peso promedio
2026-07-16 23:07:10,238  INFO          - Uniformidad de peso
2026-07-16 23:07:10,240  INFO          - Dureza
2026-07-16 23:07:10,241  INFO          - Friabilidad
2026-07-16 23:07:10,242  INFO          - Tiempo de desintegración
2026-07-16 23:07:10,244  INFO          - Identificación
2026-07-16 23:07:10,247  INFO          - Valoración
2026-07-16 23:07:10,276  INFO        Insertado OK
2026-07-16 23:07:10,277  INFO      
-> Mebendazol susp ESP.docx
2026-07-16 23:07:10,334  INFO        Codigo:  PT028
2026-07-16 23:07:10,336  INFO        Nombre:  MEBENDAZOL LAMAR SUSPENSION
2026-07-16 23:07:10,339  INFO        Ensayos: 5
2026-07-16 23:07:10,340  INFO          - Aspecto
2026-07-16 23:07:10,341  INFO          - pH
2026-07-16 23:07:10,344  INFO          - Densidad
2026-07-16 23:07:10,348  INFO          - Identificación
2026-07-16 23:07:10,357  INFO          - Valoración
2026-07-16 23:07:10,396  INFO        Insertado OK
2026-07-16 23:07:10,398  INFO      
-> Megestrol Comp  ESP.docx
2026-07-16 23:07:10,458  INFO        Codigo:  PT030
2026-07-16 23:07:10,459  INFO        Nombre:  MEGESTROL LAMAR comprimidos
2026-07-16 23:07:10,461  INFO        Ensayos: 8
2026-07-16 23:07:10,462  INFO          - Aspecto
2026-07-16 23:07:10,465  INFO          - Peso promedio
2026-07-16 23:07:10,466  INFO          - Uniformidad de peso
2026-07-16 23:07:10,467  INFO          - Dureza
2026-07-16 23:07:10,469  INFO          - Friabilidad
2026-07-16 23:07:10,470  INFO          - Tiempo de desintegración
2026-07-16 23:07:10,472  INFO          - Identificación
2026-07-16 23:07:10,474  INFO          - Valoración
2026-07-16 23:07:10,525  INFO        Insertado OK
2026-07-16 23:07:10,526  INFO      
-> Metoclopramida gotas ESP.docx
2026-07-16 23:07:10,587  INFO        Codigo:  PT031
2026-07-16 23:07:10,589  INFO        Nombre:  METOCLOPRAMIDA LAMAR gotas
2026-07-16 23:07:10,592  INFO        Ensayos: 4
2026-07-16 23:07:10,593  INFO          - Aspecto
2026-07-16 23:07:10,594  INFO          - pH
2026-07-16 23:07:10,595  INFO          - Identificación
2026-07-16 23:07:10,597  INFO          - Valoración
2026-07-16 23:07:10,621  INFO        Insertado OK
2026-07-16 23:07:10,622  INFO      
-> Metoclopramida iny ESP.docx
2026-07-16 23:07:10,683  INFO        Codigo:  PT032
2026-07-16 23:07:10,684  INFO        Nombre:  METOCLOPRAMIDA LAMAR INYECTABLE
2026-07-16 23:07:10,687  INFO        Ensayos: 5
2026-07-16 23:07:10,688  INFO          - Aspecto
2026-07-16 23:07:10,692  INFO          - pH
2026-07-16 23:07:10,694  INFO          - Identificación
2026-07-16 23:07:10,696  INFO          - Valoración
2026-07-16 23:07:10,697  INFO          - Esterilidad
2026-07-16 23:07:10,842  INFO        Insertado OK
2026-07-16 23:07:10,846  INFO      
-> Praziquantel  Lamar Comp  ESP.docx
2026-07-16 23:07:11,102  INFO        Codigo:  PT034
2026-07-16 23:07:11,140  INFO        Nombre:  PRAZIQUANTEL LAMAR 50 mg comprimidos
2026-07-16 23:07:11,141  INFO        Ensayos: 8
2026-07-16 23:07:11,144  INFO          - Aspecto
2026-07-16 23:07:11,147  INFO          - Peso promedio
2026-07-16 23:07:11,149  INFO          - Uniformidad de peso
2026-07-16 23:07:11,153  INFO          - Dureza
2026-07-16 23:07:11,155  INFO          - Friabilidad
2026-07-16 23:07:11,164  INFO          - Tiempo de desintegración
2026-07-16 23:07:11,180  INFO          - Identificación
2026-07-16 23:07:11,182  INFO          - Valoración
2026-07-16 23:07:11,217  INFO        Insertado OK
2026-07-16 23:07:11,219  INFO      
-> Prednisolona 10 mg Comp  ESP.docx
2026-07-16 23:07:11,385  INFO        Codigo:  PT035
2026-07-16 23:07:11,904  INFO        Nombre:  PREDNISOLONA LAMAR 10 mg comprimidos
2026-07-16 23:07:11,979  INFO        Ensayos: 8
2026-07-16 23:07:12,052  INFO          - Aspecto
2026-07-16 23:07:12,089  INFO          - Peso promedio
2026-07-16 23:07:12,354  INFO          - Uniformidad de peso
2026-07-16 23:07:12,506  INFO          - Dureza
2026-07-16 23:07:12,717  INFO          - Friabilidad
2026-07-16 23:07:12,749  INFO          - Tiempo de desintegración
2026-07-16 23:07:12,770  INFO          - Identificación
2026-07-16 23:07:12,776  INFO          - Valoración
2026-07-16 23:07:12,860  INFO        Insertado OK
2026-07-16 23:07:12,872  INFO      
-> Prednisolona 20 mg Comp  ESP.docx
2026-07-16 23:07:12,994  INFO        Codigo:  PT036
2026-07-16 23:07:13,001  INFO        Nombre:  PREDNISOLONA LAMAR 20 mg comprimidos
2026-07-16 23:07:13,005  INFO        Ensayos: 8
2026-07-16 23:07:13,007  INFO          - Aspecto
2026-07-16 23:07:13,033  INFO          - Peso promedio
2026-07-16 23:07:13,050  INFO          - Uniformidad de peso
2026-07-16 23:07:13,053  INFO          - Dureza
2026-07-16 23:07:13,066  INFO          - Friabilidad
2026-07-16 23:07:13,071  INFO          - Tiempo de desintegración
2026-07-16 23:07:13,073  INFO          - Identificación
2026-07-16 23:07:13,075  INFO          - Valoración
2026-07-16 23:07:13,181  INFO        Insertado OK
2026-07-16 23:07:13,185  INFO      
-> Sedagotas ESP.docx
2026-07-16 23:07:13,382  INFO        Codigo:  PT037
2026-07-16 23:07:13,436  INFO        Nombre:  SEDAGOTAS gotas
2026-07-16 23:07:13,437  INFO        Ensayos: 4
2026-07-16 23:07:13,438  INFO          - Aspecto
2026-07-16 23:07:13,449  INFO          - pH
2026-07-16 23:07:13,453  INFO          - Identificación
2026-07-16 23:07:13,459  INFO          - Valoración
2026-07-16 23:07:13,495  INFO        Insertado OK
2026-07-16 23:07:13,496  INFO      
-> Sulfatrim Comp  ESP.docx
2026-07-16 23:07:13,602  INFO        Codigo:  PT040
2026-07-16 23:07:13,619  INFO        Nombre:  SULFATRIM comprimidos
2026-07-16 23:07:13,622  INFO        Ensayos: 8
2026-07-16 23:07:13,623  INFO          - Aspecto
2026-07-16 23:07:13,626  INFO          - Peso promedio
2026-07-16 23:07:13,630  INFO          - Uniformidad de peso
2026-07-16 23:07:13,638  INFO          - Dureza
2026-07-16 23:07:13,640  INFO          - Friabilidad
2026-07-16 23:07:13,642  INFO          - Tiempo de desintegración
2026-07-16 23:07:13,644  INFO          - Identificación
2026-07-16 23:07:13,645  INFO          - Valoración
2026-07-16 23:07:13,696  INFO        Insertado OK
2026-07-16 23:07:13,697  INFO      
-> Sulfatrim F Comp  ESP.docx
2026-07-16 23:07:13,765  INFO        Codigo:  PT038
2026-07-16 23:07:13,766  INFO        Nombre:  SULFATRIM F comprimidos
2026-07-16 23:07:13,768  INFO        Ensayos: 8
2026-07-16 23:07:13,770  INFO          - Aspecto
2026-07-16 23:07:13,771  INFO          - Peso promedio
2026-07-16 23:07:13,772  INFO          - Uniformidad de peso
2026-07-16 23:07:13,774  INFO          - Dureza
2026-07-16 23:07:13,776  INFO          - Friabilidad
2026-07-16 23:07:13,778  INFO          - Tiempo de desintegración
2026-07-16 23:07:13,780  INFO          - Identificación
2026-07-16 23:07:13,781  INFO          - Valoración
2026-07-16 23:07:13,809  INFO        Insertado OK
2026-07-16 23:07:13,811  INFO      
-> Sulfatrim susp ESP.docx
2026-07-16 23:07:13,868  INFO        Codigo:  PT039
2026-07-16 23:07:13,869  INFO        Nombre:  SULFATRIM SUSPENSIÓN
2026-07-16 23:07:13,871  INFO        Ensayos: 5
2026-07-16 23:07:13,873  INFO          - Aspecto
2026-07-16 23:07:13,874  INFO          - pH
2026-07-16 23:07:13,876  INFO          - (3) Densidad
2026-07-16 23:07:13,878  INFO          - Identificación
2026-07-16 23:07:13,879  INFO          - Valoración
2026-07-16 23:07:13,924  INFO        Insertado OK
2026-07-16 23:07:13,925  INFO      
-> T4 Comp  ESP.docx
2026-07-16 23:07:13,990  INFO        Codigo:  PT043
2026-07-16 23:07:13,991  INFO        Nombre:  T 4 LAMAR comprimidos
2026-07-16 23:07:13,994  INFO        Ensayos: 8
2026-07-16 23:07:13,995  INFO          - Aspecto
2026-07-16 23:07:13,997  INFO          - Peso promedio
2026-07-16 23:07:13,998  INFO          - Uniformidad de peso
2026-07-16 23:07:13,999  INFO          - Dureza
2026-07-16 23:07:14,000  INFO          - Friabilidad
2026-07-16 23:07:14,002  INFO          - Tiempo de desintegración
2026-07-16 23:07:14,003  INFO          - Identificación
2026-07-16 23:07:14,005  INFO          - Valoración
2026-07-16 23:07:14,064  INFO        Insertado OK
2026-07-16 23:07:14,066  INFO      
-> T4 F Comp  ESP.docx
2026-07-16 23:07:14,164  INFO        Codigo:  PT044
2026-07-16 23:07:14,165  INFO        Nombre:  T 4 “F” LAMAR comprimidos
2026-07-16 23:07:14,167  INFO        Ensayos: 8
2026-07-16 23:07:14,169  INFO          - Aspecto
2026-07-16 23:07:14,170  INFO          - Peso promedio
2026-07-16 23:07:14,172  INFO          - Uniformidad de peso
2026-07-16 23:07:14,173  INFO          - Dureza
2026-07-16 23:07:14,174  INFO          - Friabilidad
2026-07-16 23:07:14,175  INFO          - Tiempo de desintegración
2026-07-16 23:07:14,179  INFO          - Identificación
2026-07-16 23:07:14,181  INFO          - Valoración
2026-07-16 23:07:14,228  INFO        Insertado OK
2026-07-16 23:07:14,229  INFO      
-> Triamcinolona 6 iny ESP.docx
2026-07-16 23:07:14,287  INFO        Codigo:  PT047
2026-07-16 23:07:14,288  INFO        Nombre:  TRIAMCINOLONA 6 LAMAR Inyectable
2026-07-16 23:07:14,290  INFO        Ensayos: 6
2026-07-16 23:07:14,292  INFO          - Aspecto
2026-07-16 23:07:14,296  INFO          - pH
2026-07-16 23:07:14,298  INFO          - Densidad
2026-07-16 23:07:14,299  INFO          - Identificación
2026-07-16 23:07:14,300  INFO          - Valoración
2026-07-16 23:07:14,302  INFO          - Esterilidad
2026-07-16 23:07:14,403  INFO        Insertado OK
2026-07-16 23:07:14,404  INFO      
-> Vaselina Liquida ESP.docx
2026-07-16 23:07:14,466  INFO        Codigo:  PT046
2026-07-16 23:07:14,474  INFO        Nombre:  VASELINA LIQUIDA LAMAR
2026-07-16 23:07:14,477  INFO        Ensayos: 4
2026-07-16 23:07:14,483  INFO          - Aspecto
2026-07-16 23:07:14,485  INFO          - Solubilidad
2026-07-16 23:07:14,487  INFO          - Peso específico
2026-07-16 23:07:14,488  INFO          - Volumen de entrega
2026-07-16 23:07:14,535  INFO        Insertado OK
2026-07-16 23:07:14,537  INFO      
============================================================
2026-07-16 23:07:14,540  INFO      RESUMEN FINAL
2026-07-16 23:07:14,541  INFO        Insertados: 42
2026-07-16 23:07:14,542  INFO        Saltados:   0
2026-07-16 23:07:14,544  INFO        Errores:    0
2026-07-16 23:07:14,545  INFO      ============================================================
