2026-07-16 22:05:30,922  INFO      Log guardado en: \\LAMARSERVER\Empresa\Lamar\LIMSS\backend\WORD\importacion_20260716_220530.log
2026-07-16 22:05:30,941  INFO      Carpeta: \\LAMARSERVER\Empresa\Lamar\LIMSS\backend\WORD
2026-07-16 22:05:30,943  INFO      Archivos encontrados: 37
2026-07-16 22:05:30,944  INFO      Modo: INSERCIÓN EN BD
2026-07-16 22:05:30,945  INFO      ============================================================
2026-07-16 22:05:31,105  INFO      ✓ Conexión a BD LIMSS OK
2026-07-16 22:05:31,106  INFO      
→ Acepromazina Maleato ESP MP.docx
2026-07-16 22:05:33,257  INFO        Código:  MP001
2026-07-16 22:05:33,258  INFO        Nombre:  ACEPROMAZINA, MALEATO
2026-07-16 22:05:33,259  INFO        Tipo:    Principio Activo
2026-07-16 22:05:33,260  INFO        CAS:     
2026-07-16 22:05:33,261  INFO        Ensayos: 10
2026-07-16 22:05:33,262  INFO          • Aspecto
2026-07-16 22:05:33,263  INFO          • Solubilidad
2026-07-16 22:05:33,264  INFO          • Identificación por espectroscopia IR
2026-07-16 22:05:33,265  INFO          • Identificación por HPLC
2026-07-16 22:05:33,266  INFO          • Punto de fusión
2026-07-16 22:05:33,266  INFO          • pH
2026-07-16 22:05:33,268  INFO          • Agua
2026-07-16 22:05:33,269  INFO          • Residuo de ignición
2026-07-16 22:05:33,269  INFO          • Compuestos relacionados
2026-07-16 22:05:33,270  INFO          • Valoración
2026-07-16 22:05:33,272  WARNING     TRUNCAMIENTO en peso_molecular: len=1584 > 100 — '442,53 Envasado y almacenamiento: Conservar en envases bien cerrados. Proteger d...'
2026-07-16 22:05:33,275  ERROR       ✗ Error al insertar: ('22001', '[22001] [Microsoft][ODBC SQL Server Driver][SQL Server]Los datos de cadena o binarios se truncarían. (8152) (SQLExecDirectW); [22001] [Microsoft][ODBC SQL Server Driver][SQL Server]Se terminó la instrucción. (3621)')
2026-07-16 22:05:33,276  ERROR         Diagnóstico de largos:
2026-07-16 22:05:33,277  ERROR         erp_CODART=5 erp_DESART=21 tipo_mp=16 accion=42
2026-07-16 22:05:33,280  ERROR         Ensayo 1: nombre=7 espec=51 tecnica=19 biblio=10
2026-07-16 22:05:33,289  ERROR         Ensayo 2: nombre=11 espec=105 tecnica=17 biblio=10
2026-07-16 22:05:33,293  ERROR         Ensayo 3: nombre=36 espec=76 tecnica=18 biblio=13
2026-07-16 22:05:33,295  ERROR         Ensayo 4: nombre=23 espec=123 tecnica=5 biblio=6
2026-07-16 22:05:33,298  ERROR         Ensayo 5: nombre=15 espec=9 tecnica=24 biblio=12
2026-07-16 22:05:33,303  ERROR         Ensayo 6: nombre=2 espec=9 tecnica=11 biblio=12
2026-07-16 22:05:33,319  ERROR         Ensayo 7: nombre=4 espec=7 tecnica=13 biblio=22
2026-07-16 22:05:33,365  ERROR         Ensayo 8: nombre=19 espec=7 tecnica=12 biblio=12
2026-07-16 22:05:33,424  ERROR         Ensayo 9: nombre=23 espec=7 tecnica=4 biblio=6
2026-07-16 22:05:33,427  ERROR         Ensayo 10: nombre=10 espec=79 tecnica=5 biblio=23
2026-07-16 22:05:33,435  INFO      
→ Amoxicilina trihidrato compacta ESP MP.docx
2026-07-16 22:05:33,536  INFO        Código:  MP008
2026-07-16 22:05:33,537  INFO        Nombre:  AMOXICILINA TRIHIDRATO COMPACTADA
2026-07-16 22:05:33,540  INFO        Tipo:    Principio Activo
2026-07-16 22:05:33,541  INFO        CAS:     
2026-07-16 22:05:33,542  INFO        Ensayos: 8
2026-07-16 22:05:33,544  INFO          • Aspecto
2026-07-16 22:05:33,545  INFO          • Solubilidad
2026-07-16 22:05:33,546  INFO          • Identificación por espectroscopia IR
2026-07-16 22:05:33,549  INFO          • Identificación por HPLC
2026-07-16 22:05:33,552  INFO          • pH
2026-07-16 22:05:33,555  INFO          • Agua
2026-07-16 22:05:33,558  INFO          • Dimetilanilina
2026-07-16 22:05:33,566  INFO          • Valoración
2026-07-16 22:05:33,578  WARNING     TRUNCAMIENTO en peso_molecular: len=1473 > 100 — 'Anhidro: 365,41 Trihidrato: 419,45 Envasado y almacenamiento: Conservar en envas...'
2026-07-16 22:05:33,584  ERROR       ✗ Error al insertar: ('22001', '[22001] [Microsoft][ODBC SQL Server Driver][SQL Server]Los datos de cadena o binarios se truncarían. (8152) (SQLExecDirectW); [22001] [Microsoft][ODBC SQL Server Driver][SQL Server]Se terminó la instrucción. (3621)')
2026-07-16 22:05:33,596  ERROR         Diagnóstico de largos:
2026-07-16 22:05:33,600  ERROR         erp_CODART=5 erp_DESART=33 tipo_mp=16 accion=25
2026-07-16 22:05:33,614  ERROR         Ensayo 1: nombre=7 espec=47 tecnica=31 biblio=6
2026-07-16 22:05:33,616  ERROR         Ensayo 2: nombre=11 espec=100 tecnica=17 biblio=6
2026-07-16 22:05:33,619  ERROR         Ensayo 3: nombre=36 espec=76 tecnica=18 biblio=13
2026-07-16 22:05:33,624  ERROR         Ensayo 4: nombre=23 espec=104 tecnica=5 biblio=28
2026-07-16 22:05:33,629  ERROR         Ensayo 5: nombre=2 espec=9 tecnica=11 biblio=9
2026-07-16 22:05:33,632  ERROR         Ensayo 6: nombre=4 espec=13 tecnica=13 biblio=22
2026-07-16 22:05:33,634  ERROR         Ensayo 7: nombre=14 espec=7 tecnica=21 biblio=12
2026-07-16 22:05:33,640  ERROR         Ensayo 8: nombre=10 espec=82 tecnica=4 biblio=6
2026-07-16 22:05:33,650  INFO      
→ Amoxicilina trihidrato polvo ESP MP.docx
2026-07-16 22:05:33,765  INFO        Código:  MP009
2026-07-16 22:05:33,766  INFO        Nombre:  AMOXICILINA TRIHIDRATO POLVO
2026-07-16 22:05:33,768  INFO        Tipo:    Principio Activo
2026-07-16 22:05:33,770  INFO        CAS:     
2026-07-16 22:05:33,771  INFO        Ensayos: 8
2026-07-16 22:05:33,772  INFO          • Aspecto
2026-07-16 22:05:33,773  INFO          • Solubilidad
2026-07-16 22:05:33,775  INFO          • Identificación por espectroscopia IR
2026-07-16 22:05:33,776  INFO          • Identificación por HPLC
2026-07-16 22:05:33,778  INFO          • pH
2026-07-16 22:05:33,801  INFO          • Agua
2026-07-16 22:05:33,825  INFO          • Dimetilanilina
2026-07-16 22:05:33,831  INFO          • Valoración
2026-07-16 22:05:33,834  WARNING     TRUNCAMIENTO en peso_molecular: len=1476 > 100 — 'Anhidro: 365,41 Trihidrato: 419,45 Envasado y almacenamiento: Conservar en envas...'
2026-07-16 22:05:33,851  ERROR       ✗ Error al insertar: ('22001', '[22001] [Microsoft][ODBC SQL Server Driver][SQL Server]Los datos de cadena o binarios se truncarían. (8152) (SQLExecDirectW); [22001] [Microsoft][ODBC SQL Server Driver][SQL Server]Se terminó la instrucción. (3621)')
2026-07-16 22:05:33,855  ERROR         Diagnóstico de largos:
2026-07-16 22:05:33,857  ERROR         erp_CODART=5 erp_DESART=28 tipo_mp=16 accion=25
2026-07-16 22:05:33,862  ERROR         Ensayo 1: nombre=7 espec=47 tecnica=31 biblio=6
2026-07-16 22:05:33,864  ERROR         Ensayo 2: nombre=11 espec=100 tecnica=17 biblio=6
2026-07-16 22:05:33,866  ERROR         Ensayo 3: nombre=36 espec=76 tecnica=18 biblio=13
2026-07-16 22:05:33,868  ERROR         Ensayo 4: nombre=23 espec=104 tecnica=5 biblio=29
2026-07-16 22:05:33,873  ERROR         Ensayo 5: nombre=2 espec=9 tecnica=11 biblio=9
2026-07-16 22:05:33,883  ERROR         Ensayo 6: nombre=4 espec=13 tecnica=13 biblio=22
2026-07-16 22:05:33,890  ERROR         Ensayo 7: nombre=14 espec=9 tecnica=21 biblio=12
2026-07-16 22:05:33,903  ERROR         Ensayo 8: nombre=10 espec=82 tecnica=4 biblio=6
2026-07-16 22:05:33,909  INFO      
→ Cefalexina monohidrato compactada ESP MP.docx
2026-07-16 22:05:34,016  INFO        Código:  MP016
2026-07-16 22:05:34,017  INFO        Nombre:  CEFALEXINA COMPACTADA
2026-07-16 22:05:34,019  INFO        Tipo:    Principio Activo
2026-07-16 22:05:34,021  INFO        CAS:     
2026-07-16 22:05:34,022  INFO        Ensayos: 12
2026-07-16 22:05:34,023  INFO          • Aspecto
2026-07-16 22:05:34,025  INFO          • Solubilidad
2026-07-16 22:05:34,027  INFO          • Identificación por espectroscopia IR
2026-07-16 22:05:34,028  INFO          • Identificación por espectroscopía UV
2026-07-16 22:05:34,030  INFO          • Identificación por TLC
2026-07-16 22:05:34,031  INFO          • Identificación por HPLC
2026-07-16 22:05:34,047  INFO          • Rotación específica
2026-07-16 22:05:34,052  INFO          • pH
2026-07-16 22:05:34,054  INFO          • Agua
2026-07-16 22:05:34,060  INFO          • Compuestos relacionados
2026-07-16 22:05:34,074  INFO          • Dimetilanilina
2026-07-16 22:05:34,082  INFO          • Valoración
2026-07-16 22:05:34,097  WARNING     TRUNCAMIENTO en peso_molecular: len=2156 > 100 — 'Anhidro: 347,40 Monohidrato: 365,41 Envasado y almacenamiento: Conservar en enva...'
2026-07-16 22:05:34,098  WARNING     TRUNCAMIENTO en envasado_almacenamiento: len=2093 > 2000 — 'Conservar en envases impermeables. Determinaciones: ENSAYO | ESPECIFICACIONES | ...'
2026-07-16 22:05:34,114  ERROR       ✗ Error al insertar: ('22001', '[22001] [Microsoft][ODBC SQL Server Driver][SQL Server]Los datos de cadena o binarios se truncarían. (8152) (SQLParamData); [22001] [Microsoft][ODBC SQL Server Driver][SQL Server]Se terminó la instrucción. (3621)')
2026-07-16 22:05:34,120  ERROR         Diagnóstico de largos:
2026-07-16 22:05:34,130  ERROR         erp_CODART=5 erp_DESART=21 tipo_mp=16 accion=25
2026-07-16 22:05:34,132  ERROR         Ensayo 1: nombre=7 espec=37 tecnica=18 biblio=6
2026-07-16 22:05:34,136  ERROR         Ensayo 2: nombre=11 espec=82 tecnica=17 biblio=6
2026-07-16 22:05:34,138  ERROR         Ensayo 3: nombre=36 espec=76 tecnica=18 biblio=6
2026-07-16 22:05:34,142  ERROR         Ensayo 4: nombre=36 espec=299 tecnica=21 biblio=6
2026-07-16 22:05:34,166  ERROR         Ensayo 5: nombre=22 espec=118 tecnica=3 biblio=6
2026-07-16 22:05:34,168  ERROR         Ensayo 6: nombre=23 espec=123 tecnica=4 biblio=30
2026-07-16 22:05:34,171  ERROR         Ensayo 7: nombre=19 espec=22 tecnica=12 biblio=14
2026-07-16 22:05:34,187  ERROR         Ensayo 8: nombre=2 espec=9 tecnica=11 biblio=9
2026-07-16 22:05:34,189  ERROR         Ensayo 9: nombre=4 espec=10 tecnica=13 biblio=22
2026-07-16 22:05:34,196  ERROR         Ensayo 10: nombre=23 espec=99 tecnica=4 biblio=6
2026-07-16 22:05:34,199  ERROR         Ensayo 11: nombre=14 espec=8 tecnica=21 biblio=12
2026-07-16 22:05:34,202  ERROR         Ensayo 12: nombre=10 espec=90 tecnica=4 biblio=6
2026-07-16 22:05:34,213  INFO      
→ Cefalexina monohidrato polvo ESP MP.docx
2026-07-16 22:05:34,311  INFO        Código:  MP017
2026-07-16 22:05:34,312  INFO        Nombre:  CEFALEXINA POLVO
2026-07-16 22:05:34,314  INFO        Tipo:    Principio Activo
2026-07-16 22:05:34,316  INFO        CAS:     
2026-07-16 22:05:34,317  INFO        Ensayos: 12
2026-07-16 22:05:34,365  INFO          • Aspecto
2026-07-16 22:05:34,370  INFO          • Solubilidad
2026-07-16 22:05:34,372  INFO          • Identificación por espectroscopia IR
2026-07-16 22:05:34,383  INFO          • Identificación por espectroscopía UV
2026-07-16 22:05:34,386  INFO          • Identificación por TLC
2026-07-16 22:05:34,389  INFO          • Identificación por HPLC
2026-07-16 22:05:34,393  INFO          • Rotación específica
2026-07-16 22:05:34,402  INFO          • pH
2026-07-16 22:05:34,407  INFO          • Agua
2026-07-16 22:05:34,409  INFO          • Compuestos relacionados
2026-07-16 22:05:34,419  INFO          • Dimetilanilina
2026-07-16 22:05:34,424  INFO          • Valoración
2026-07-16 22:05:34,431  WARNING     TRUNCAMIENTO en peso_molecular: len=2156 > 100 — 'Anhidro: 347,40; Monohidrato: 365,41 Envasado y almacenamiento: Conservar en env...'
2026-07-16 22:05:34,434  WARNING     TRUNCAMIENTO en envasado_almacenamiento: len=2092 > 2000 — 'Conservar en envases impermeables. Determinaciones: ENSAYO | ESPECIFICACIONES | ...'
2026-07-16 22:05:34,449  ERROR       ✗ Error al insertar: ('22001', '[22001] [Microsoft][ODBC SQL Server Driver][SQL Server]Los datos de cadena o binarios se truncarían. (8152) (SQLParamData); [22001] [Microsoft][ODBC SQL Server Driver][SQL Server]Se terminó la instrucción. (3621)')
2026-07-16 22:05:34,453  ERROR         Diagnóstico de largos:
2026-07-16 22:05:34,457  ERROR         erp_CODART=5 erp_DESART=16 tipo_mp=16 accion=25
2026-07-16 22:05:34,459  ERROR         Ensayo 1: nombre=7 espec=37 tecnica=18 biblio=6
2026-07-16 22:05:34,468  ERROR         Ensayo 2: nombre=11 espec=82 tecnica=17 biblio=6
2026-07-16 22:05:34,475  ERROR         Ensayo 3: nombre=36 espec=76 tecnica=18 biblio=6
2026-07-16 22:05:34,488  ERROR         Ensayo 4: nombre=36 espec=299 tecnica=21 biblio=6
2026-07-16 22:05:34,522  ERROR         Ensayo 5: nombre=22 espec=115 tecnica=3 biblio=6
2026-07-16 22:05:34,669  ERROR         Ensayo 6: nombre=23 espec=123 tecnica=4 biblio=30
2026-07-16 22:05:34,697  ERROR         Ensayo 7: nombre=19 espec=22 tecnica=12 biblio=14
2026-07-16 22:05:34,734  ERROR         Ensayo 8: nombre=2 espec=9 tecnica=11 biblio=9
2026-07-16 22:05:34,761  ERROR         Ensayo 9: nombre=4 espec=11 tecnica=13 biblio=22
2026-07-16 22:05:34,796  ERROR         Ensayo 10: nombre=23 espec=99 tecnica=4 biblio=6
2026-07-16 22:05:34,801  ERROR         Ensayo 11: nombre=14 espec=9 tecnica=21 biblio=12
2026-07-16 22:05:34,808  ERROR         Ensayo 12: nombre=10 espec=90 tecnica=4 biblio=6
2026-07-16 22:05:34,866  INFO      
→ Clindamicina , Clorhidrato ESP MP.docx
2026-07-16 22:05:34,990  INFO        Código:  MP019
2026-07-16 22:05:34,992  INFO        Nombre:  CLINDAMICINA, CLORHIDRATO
2026-07-16 22:05:34,994  INFO        Tipo:    Principio Activo
2026-07-16 22:05:34,996  INFO        CAS:     
2026-07-16 22:05:34,998  INFO        Ensayos: 8
2026-07-16 22:05:34,999  INFO          • Aspecto
2026-07-16 22:05:35,000  INFO          • Solubilidad
2026-07-16 22:05:35,003  INFO          • Identificación por espectroscopía IR
2026-07-16 22:05:35,015  INFO          • Identificación por HPLC
2026-07-16 22:05:35,047  INFO          • pH
2026-07-16 22:05:35,060  INFO          • Agua
2026-07-16 22:05:35,062  INFO          • Compuestos relacionados
2026-07-16 22:05:35,064  INFO          • Valoración
2026-07-16 22:05:35,066  WARNING     TRUNCAMIENTO en peso_molecular: len=1647 > 100 — '461,45 Monohidrato: CAS N°: [58207-19-5] Peso molecular (PM): 479,47 Envasado y ...'
2026-07-16 22:05:35,070  ERROR       ✗ Error al insertar: ('22001', '[22001] [Microsoft][ODBC SQL Server Driver][SQL Server]Los datos de cadena o binarios se truncarían. (8152) (SQLExecDirectW); [22001] [Microsoft][ODBC SQL Server Driver][SQL Server]Se terminó la instrucción. (3621)')
2026-07-16 22:05:35,071  ERROR         Diagnóstico de largos:
2026-07-16 22:05:35,073  ERROR         erp_CODART=5 erp_DESART=25 tipo_mp=16 accion=25
2026-07-16 22:05:35,075  ERROR         Ensayo 1: nombre=7 espec=189 tecnica=30 biblio=6
2026-07-16 22:05:35,081  ERROR         Ensayo 2: nombre=11 espec=117 tecnica=17 biblio=6
2026-07-16 22:05:35,088  ERROR         Ensayo 3: nombre=36 espec=74 tecnica=17 biblio=13
2026-07-16 22:05:35,098  ERROR         Ensayo 4: nombre=23 espec=123 tecnica=4 biblio=6
2026-07-16 22:05:35,100  ERROR         Ensayo 5: nombre=2 espec=7 tecnica=11 biblio=9
2026-07-16 22:05:35,101  ERROR         Ensayo 6: nombre=4 espec=9 tecnica=12 biblio=22
2026-07-16 22:05:35,102  ERROR         Ensayo 7: nombre=23 espec=95 tecnica=4 biblio=6
2026-07-16 22:05:35,104  ERROR         Ensayo 8: nombre=10 espec=50 tecnica=4 biblio=6
2026-07-16 22:05:35,107  INFO      
→ Clormadinona acetato ESP MP.docx
2026-07-16 22:05:35,208  INFO        Código:  MP022
2026-07-16 22:05:35,208  INFO        Nombre:  CLORMADINONA ACETATO
2026-07-16 22:05:35,210  INFO        Tipo:    Principio Activo
2026-07-16 22:05:35,213  INFO        CAS:     
2026-07-16 22:05:35,214  INFO        Ensayos: 12
2026-07-16 22:05:35,215  INFO          • Aspecto
2026-07-16 22:05:35,217  INFO          • Solubilidad
2026-07-16 22:05:35,218  INFO          • Identificación por espectroscopía IR
2026-07-16 22:05:35,219  INFO          • Identificación por HLPC
2026-07-16 22:05:35,221  INFO          • Intervalo de fusión
2026-07-16 22:05:35,222  INFO          • Rotación específica
2026-07-16 22:05:35,230  INFO          • Pérdida por secado
2026-07-16 22:05:35,232  INFO          • Residuo de ignición
2026-07-16 22:05:35,241  INFO          • Metales pesados
2026-07-16 22:05:35,247  INFO          • Arsénico
2026-07-16 22:05:35,249  INFO          • Otros esteroides
2026-07-16 22:05:35,266  INFO          • Valoración
2026-07-16 22:05:35,274  WARNING     TRUNCAMIENTO en peso_molecular: len=1937 > 100 — '404,93 Envasado y almacenamiento: Conservar en envases bien cerrados, resistente...'
2026-07-16 22:05:35,293  ERROR       ✗ Error al insertar: ('22001', '[22001] [Microsoft][ODBC SQL Server Driver][SQL Server]Los datos de cadena o binarios se truncarían. (8152) (SQLExecDirectW); [22001] [Microsoft][ODBC SQL Server Driver][SQL Server]Se terminó la instrucción. (3621)')
2026-07-16 22:05:35,295  ERROR         Diagnóstico de largos:
2026-07-16 22:05:35,297  ERROR         erp_CODART=5 erp_DESART=20 tipo_mp=16 accion=14
2026-07-16 22:05:35,300  ERROR         Ensayo 1: nombre=7 espec=55 tecnica=31 biblio=7
2026-07-16 22:05:35,313  ERROR         Ensayo 2: nombre=11 espec=134 tecnica=17 biblio=7
2026-07-16 22:05:35,327  ERROR         Ensayo 3: nombre=36 espec=76 tecnica=17 biblio=7
2026-07-16 22:05:35,365  ERROR         Ensayo 4: nombre=23 espec=123 tecnica=4 biblio=7
2026-07-16 22:05:35,372  ERROR         Ensayo 5: nombre=19 espec=10 tecnica=24 biblio=7
2026-07-16 22:05:35,379  ERROR         Ensayo 6: nombre=19 espec=21 tecnica=13 biblio=7
2026-07-16 22:05:35,390  ERROR         Ensayo 7: nombre=18 espec=7 tecnica=12 biblio=7
2026-07-16 22:05:35,394  ERROR         Ensayo 8: nombre=19 espec=7 tecnica=12 biblio=7
2026-07-16 22:05:35,398  ERROR         Ensayo 9: nombre=15 espec=8 tecnica=38 biblio=18
2026-07-16 22:05:35,401  ERROR         Ensayo 10: nombre=8 espec=7 tecnica=38 biblio=30
2026-07-16 22:05:35,411  ERROR         Ensayo 11: nombre=16 espec=192 tecnica=5 biblio=7
2026-07-16 22:05:35,416  ERROR         Ensayo 12: nombre=10 espec=68 tecnica=4 biblio=7
2026-07-16 22:05:35,430  INFO      
→ Clorpromazina clorhidrato ESP MP.docx
2026-07-16 22:05:35,531  INFO        Código:  MP021
2026-07-16 22:05:35,532  INFO        Nombre:  CLORPROMAZINA, CLORHIDRATO
2026-07-16 22:05:35,536  INFO        Tipo:    Principio Activo
2026-07-16 22:05:35,538  INFO        CAS:     
2026-07-16 22:05:35,543  INFO        Ensayos: 9
2026-07-16 22:05:35,571  INFO          • Aspecto
2026-07-16 22:05:35,594  INFO          • Solubilidad
2026-07-16 22:05:35,607  INFO          • Identificación por espectroscopía IR
2026-07-16 22:05:35,617  INFO          • Identificación por TLC
2026-07-16 22:05:35,624  INFO          • Intervalo de fusión
2026-07-16 22:05:35,629  INFO          • Pérdida por desecación
2026-07-16 22:05:35,632  INFO          • Residuo de ignición
2026-07-16 22:05:35,637  INFO          • Otras fenotiazinas con grupos alquilo
2026-07-16 22:05:35,656  INFO          • Valoración
2026-07-16 22:05:35,660  WARNING     TRUNCAMIENTO en peso_molecular: len=1839 > 100 — '355,33 Envasado y almacenamiento: Conservar en envases impermeables, resistentes...'
2026-07-16 22:05:35,682  ERROR       ✗ Error al insertar: ('22001', '[22001] [Microsoft][ODBC SQL Server Driver][SQL Server]Los datos de cadena o binarios se truncarían. (8152) (SQLExecDirectW); [22001] [Microsoft][ODBC SQL Server Driver][SQL Server]Se terminó la instrucción. (3621)')
2026-07-16 22:05:35,685  ERROR         Diagnóstico de largos:
2026-07-16 22:05:35,694  ERROR         erp_CODART=5 erp_DESART=26 tipo_mp=16 accion=14
2026-07-16 22:05:35,696  ERROR         Ensayo 1: nombre=7 espec=116 tecnica=31 biblio=6
2026-07-16 22:05:35,700  ERROR         Ensayo 2: nombre=11 espec=99 tecnica=17 biblio=6
2026-07-16 22:05:35,711  ERROR         Ensayo 3: nombre=36 espec=76 tecnica=17 biblio=13
2026-07-16 22:05:35,715  ERROR         Ensayo 4: nombre=22 espec=115 tecnica=3 biblio=6
2026-07-16 22:05:35,718  ERROR         Ensayo 5: nombre=19 espec=6 tecnica=23 biblio=12
2026-07-16 22:05:35,722  ERROR         Ensayo 6: nombre=22 espec=7 tecnica=11 biblio=12
2026-07-16 22:05:35,733  ERROR         Ensayo 7: nombre=19 espec=7 tecnica=11 biblio=12
2026-07-16 22:05:35,738  ERROR         Ensayo 8: nombre=37 espec=203 tecnica=3 biblio=6
2026-07-16 22:05:35,742  ERROR         Ensayo 9: nombre=10 espec=87 tecnica=81 biblio=6
2026-07-16 22:05:35,752  INFO      
→ Dexametasona 21 fosfato ESP MP.docx
2026-07-16 22:05:35,853  INFO        Código:  MP027
2026-07-16 22:05:35,854  INFO        Nombre:  DEXAMETASONA 21-FOSFATO SÓDICA
2026-07-16 22:05:35,858  INFO        Tipo:    Principio Activo
2026-07-16 22:05:35,859  INFO        CAS:     
2026-07-16 22:05:35,861  INFO        Ensayos: 13
2026-07-16 22:05:35,865  INFO          • Aspecto
2026-07-16 22:05:35,868  INFO          • Solubilidad
2026-07-16 22:05:35,870  INFO          • Identificación por espectroscopía IR
2026-07-16 22:05:35,879  INFO          • Identificación por TLC
2026-07-16 22:05:35,887  INFO          • Identificación por HPLC
2026-07-16 22:05:35,929  INFO          • Pureza cromatográfica
2026-07-16 22:05:35,931  INFO          • Rotación específica
2026-07-16 22:05:35,932  INFO          • pH
2026-07-16 22:05:35,934  INFO          • Agua
2026-07-16 22:05:35,935  INFO          • Contenido de alcohol
2026-07-16 22:05:35,936  INFO          • Límite de iones fosfato
2026-07-16 22:05:35,938  INFO          • Límite de dexametasona libre
2026-07-16 22:05:35,939  INFO          • Valoración
2026-07-16 22:05:35,942  WARNING     TRUNCAMIENTO en peso_molecular: len=2135 > 100 — '516,41 Envasado y almacenamiento: Conservar en envases impermeables en heladera....'
2026-07-16 22:05:35,943  WARNING     TRUNCAMIENTO en envasado_almacenamiento: len=2101 > 2000 — 'Conservar en envases impermeables en heladera. Determinaciones: ENSAYO | ESPECIF...'
2026-07-16 22:05:35,954  ERROR       ✗ Error al insertar: ('22001', '[22001] [Microsoft][ODBC SQL Server Driver][SQL Server]Los datos de cadena o binarios se truncarían. (8152) (SQLParamData); [22001] [Microsoft][ODBC SQL Server Driver][SQL Server]Se terminó la instrucción. (3621)')
2026-07-16 22:05:35,958  ERROR         Diagnóstico de largos:
2026-07-16 22:05:35,961  ERROR         erp_CODART=5 erp_DESART=30 tipo_mp=16 accion=16
2026-07-16 22:05:35,966  ERROR         Ensayo 1: nombre=7 espec=122 tecnica=31 biblio=6
2026-07-16 22:05:35,970  ERROR         Ensayo 2: nombre=11 espec=116 tecnica=17 biblio=6
2026-07-16 22:05:35,983  ERROR         Ensayo 3: nombre=36 espec=74 tecnica=17 biblio=13
2026-07-16 22:05:35,996  ERROR         Ensayo 4: nombre=22 espec=104 tecnica=4 biblio=6
2026-07-16 22:05:36,001  ERROR         Ensayo 5: nombre=23 espec=123 tecnica=4 biblio=29
2026-07-16 22:05:36,003  ERROR         Ensayo 6: nombre=21 espec=85 tecnica=4 biblio=6
2026-07-16 22:05:36,014  ERROR         Ensayo 7: nombre=19 espec=81 tecnica=12 biblio=13
2026-07-16 22:05:36,048  ERROR         Ensayo 8: nombre=2 espec=8 tecnica=11 biblio=12
2026-07-16 22:05:36,051  ERROR         Ensayo 9: nombre=4 espec=23 tecnica=12 biblio=19
2026-07-16 22:05:36,053  ERROR         Ensayo 10: nombre=20 espec=6 tecnica=21 biblio=23
2026-07-16 22:05:36,060  ERROR         Ensayo 11: nombre=23 espec=7 tecnica=21 biblio=6
2026-07-16 22:05:36,064  ERROR         Ensayo 12: nombre=28 espec=7 tecnica=4 biblio=6
2026-07-16 22:05:36,111  ERROR         Ensayo 13: nombre=10 espec=112 tecnica=4 biblio=40
2026-07-16 22:05:36,114  INFO      
→ Dexametasona ESP MP.docx
2026-07-16 22:05:36,198  INFO        Código:  MP028
2026-07-16 22:05:36,221  INFO        Nombre:  DEXAMETASONA
2026-07-16 22:05:36,228  INFO        Tipo:    Principio Activo
2026-07-16 22:05:36,231  INFO        CAS:     
2026-07-16 22:05:36,235  INFO        Ensayos: 11
2026-07-16 22:05:36,239  INFO          • Aspecto
2026-07-16 22:05:36,247  INFO          • Solubilidad
2026-07-16 22:05:36,254  INFO          • Identificación por espectroscopía IR
2026-07-16 22:05:36,262  INFO          • Identificación por espectroscopía UV
2026-07-16 22:05:36,267  INFO          • Identificación por HPLC
2026-07-16 22:05:36,272  INFO          • Punto de fusión:
2026-07-16 22:05:36,280  INFO          • Rotación específica
2026-07-16 22:05:36,286  INFO          • Pérdida por secado
2026-07-16 22:05:36,289  INFO          • Residuo de ignición
2026-07-16 22:05:36,303  INFO          • Pureza cromatográfica
2026-07-16 22:05:36,311  INFO          • Valoración
2026-07-16 22:05:36,319  WARNING     TRUNCAMIENTO en peso_molecular: len=1899 > 100 — '392,47 Envasado y almacenamiento: Conservar en envases bien cerrados. Determinac...'
2026-07-16 22:05:36,332  ERROR       ✗ Error al insertar: ('22001', '[22001] [Microsoft][ODBC SQL Server Driver][SQL Server]Los datos de cadena o binarios se truncarían. (8152) (SQLExecDirectW); [22001] [Microsoft][ODBC SQL Server Driver][SQL Server]Se terminó la instrucción. (3621)')
2026-07-16 22:05:36,333  ERROR         Diagnóstico de largos:
2026-07-16 22:05:36,338  ERROR         erp_CODART=5 erp_DESART=12 tipo_mp=16 accion=16
2026-07-16 22:05:36,348  ERROR         Ensayo 1: nombre=7 espec=76 tecnica=19 biblio=6
2026-07-16 22:05:36,366  ERROR         Ensayo 2: nombre=11 espec=157 tecnica=17 biblio=6
2026-07-16 22:05:36,368  ERROR         Ensayo 3: nombre=36 espec=74 tecnica=17 biblio=10
2026-07-16 22:05:36,372  ERROR         Ensayo 4: nombre=36 espec=95 tecnica=22 biblio=13
2026-07-16 22:05:36,376  ERROR         Ensayo 5: nombre=23 espec=123 tecnica=4 biblio=29
2026-07-16 22:05:36,382  ERROR         Ensayo 6: nombre=16 espec=53 tecnica=24 biblio=6
2026-07-16 22:05:36,387  ERROR         Ensayo 7: nombre=19 espec=17 tecnica=12 biblio=13
2026-07-16 22:05:36,391  ERROR         Ensayo 8: nombre=18 espec=6 tecnica=11 biblio=12
2026-07-16 22:05:36,402  ERROR         Ensayo 9: nombre=19 espec=6 tecnica=11 biblio=12
2026-07-16 22:05:36,406  ERROR         Ensayo 10: nombre=21 espec=76 tecnica=4 biblio=6
2026-07-16 22:05:36,412  ERROR         Ensayo 11: nombre=10 espec=73 tecnica=4 biblio=6
2026-07-16 22:05:36,421  INFO      
→ Diazepam ESP MP.docx
2026-07-16 22:05:36,520  INFO        Código:  MP029
2026-07-16 22:05:36,521  INFO        Nombre:  DIAZEPAM
2026-07-16 22:05:36,524  INFO        Tipo:    Principio Activo
2026-07-16 22:05:36,525  INFO        CAS:     
2026-07-16 22:05:36,526  INFO        Ensayos: 10
2026-07-16 22:05:36,527  INFO          • Aspecto
2026-07-16 22:05:36,529  INFO          • Solubilidad
2026-07-16 22:05:36,530  INFO          • Identificación por espectroscopía IR
2026-07-16 22:05:36,533  INFO          • Identificación por TLC
2026-07-16 22:05:36,565  INFO          • Identificación por HPLC
2026-07-16 22:05:36,569  INFO          • Intervalo de fusión
2026-07-16 22:05:36,571  INFO          • Pérdida por secado
2026-07-16 22:05:36,574  INFO          • Residuo de ignición
2026-07-16 22:05:36,578  INFO          • Compuestos relacionados
2026-07-16 22:05:36,587  INFO          • Valoración
2026-07-16 22:05:36,593  WARNING     TRUNCAMIENTO en peso_molecular: len=1701 > 100 — '284,75 Envasado y almacenamiento: Conservar en recipientes impermeables, resiste...'
2026-07-16 22:05:36,609  ERROR       ✗ Error al insertar: ('22001', '[22001] [Microsoft][ODBC SQL Server Driver][SQL Server]Los datos de cadena o binarios se truncarían. (8152) (SQLExecDirectW); [22001] [Microsoft][ODBC SQL Server Driver][SQL Server]Se terminó la instrucción. (3621)')
2026-07-16 22:05:36,610  ERROR         Diagnóstico de largos:
2026-07-16 22:05:36,611  ERROR         erp_CODART=5 erp_DESART=8 tipo_mp=16 accion=29
2026-07-16 22:05:36,613  ERROR         Ensayo 1: nombre=7 espec=68 tecnica=31 biblio=6
2026-07-16 22:05:36,614  ERROR         Ensayo 2: nombre=11 espec=86 tecnica=17 biblio=6
2026-07-16 22:05:36,617  ERROR         Ensayo 3: nombre=36 espec=74 tecnica=17 biblio=10
2026-07-16 22:05:36,622  ERROR         Ensayo 4: nombre=22 espec=87 tecnica=4 biblio=6
2026-07-16 22:05:36,635  ERROR         Ensayo 5: nombre=23 espec=123 tecnica=4 biblio=29
2026-07-16 22:05:36,637  ERROR         Ensayo 6: nombre=19 espec=11 tecnica=24 biblio=21
2026-07-16 22:05:36,641  ERROR         Ensayo 7: nombre=18 espec=6 tecnica=12 biblio=12
2026-07-16 22:05:36,656  ERROR         Ensayo 8: nombre=19 espec=6 tecnica=12 biblio=12
2026-07-16 22:05:36,658  ERROR         Ensayo 9: nombre=23 espec=60 tecnica=5 biblio=6
2026-07-16 22:05:36,666  ERROR         Ensayo 10: nombre=10 espec=69 tecnica=5 biblio=6
2026-07-16 22:05:36,680  INFO      
→ Enrofloxacina ESP MP.docx
2026-07-16 22:05:36,785  INFO        Código:  MP031
2026-07-16 22:05:36,786  INFO        Nombre:  ENROFLOXACINA
2026-07-16 22:05:36,788  INFO        Tipo:    Principio Activo
2026-07-16 22:05:36,790  INFO        CAS:     
2026-07-16 22:05:36,791  INFO        Ensayos: 11
2026-07-16 22:05:36,792  INFO          • Aspecto
2026-07-16 22:05:36,794  INFO          • Solubilidad
2026-07-16 22:05:36,796  INFO          • Identificación por espectroscopía IR
2026-07-16 22:05:36,797  INFO          • Identificación por HPLC
2026-07-16 22:05:36,800  INFO          • Intervalo de fusión
2026-07-16 22:05:36,803  INFO          • Pérdida por desecación
2026-07-16 22:05:36,807  INFO          • Residuo de ignición
2026-07-16 22:05:36,814  INFO          • Metales pesados
2026-07-16 22:05:36,820  INFO          • Ácido fluoroquinolónico
2026-07-16 22:05:36,822  INFO          • Ciprofloxacina
2026-07-16 22:05:36,825  INFO          • Valoración
2026-07-16 22:05:36,835  WARNING     TRUNCAMIENTO en peso_molecular: len=2098 > 100 — '359,40 Envasado y almacenamiento: (Según proveedor) Conservar en envases bien ce...'
2026-07-16 22:05:36,843  WARNING     TRUNCAMIENTO en envasado_almacenamiento: len=2064 > 2000 — '(Según proveedor) Conservar en envases bien cerrados, protegidos de la humedad, ...'
2026-07-16 22:05:36,848  ERROR       ✗ Error al insertar: ('22001', '[22001] [Microsoft][ODBC SQL Server Driver][SQL Server]Los datos de cadena o binarios se truncarían. (8152) (SQLParamData); [22001] [Microsoft][ODBC SQL Server Driver][SQL Server]Se terminó la instrucción. (3621)')
2026-07-16 22:05:36,850  ERROR         Diagnóstico de largos:
2026-07-16 22:05:36,852  ERROR         erp_CODART=5 erp_DESART=13 tipo_mp=16 accion=26
2026-07-16 22:05:36,855  ERROR         Ensayo 1: nombre=7 espec=68 tecnica=31 biblio=15
2026-07-16 22:05:36,859  ERROR         Ensayo 2: nombre=11 espec=233 tecnica=17 biblio=20
2026-07-16 22:05:36,865  ERROR         Ensayo 3: nombre=36 espec=76 tecnica=17 biblio=8
2026-07-16 22:05:36,870  ERROR         Ensayo 4: nombre=23 espec=123 tecnica=4 biblio=20
2026-07-16 22:05:36,874  ERROR         Ensayo 5: nombre=19 espec=11 tecnica=23 biblio=8
2026-07-16 22:05:36,878  ERROR         Ensayo 6: nombre=22 espec=7 tecnica=11 biblio=8
2026-07-16 22:05:36,899  ERROR         Ensayo 7: nombre=19 espec=8 tecnica=11 biblio=8
2026-07-16 22:05:36,905  ERROR         Ensayo 8: nombre=15 espec=8 tecnica=38 biblio=19
2026-07-16 22:05:36,914  ERROR         Ensayo 9: nombre=23 espec=132 tecnica=3 biblio=8
2026-07-16 22:05:36,916  ERROR         Ensayo 10: nombre=14 espec=137 tecnica=4 biblio=8
2026-07-16 22:05:36,919  ERROR         Ensayo 11: nombre=10 espec=65 tecnica=4 biblio=20
2026-07-16 22:05:36,924  INFO      
→ Extracto fluido de poligala ESP MP.docx
2026-07-16 22:05:37,019  INFO        Código:  MP038
2026-07-16 22:05:37,020  INFO        Nombre:  EXTRACTO FLUIDO DE POLÍGALA
2026-07-16 22:05:37,023  INFO        Tipo:    Principio Activo
2026-07-16 22:05:37,024  INFO        CAS:     
2026-07-16 22:05:37,026  INFO        Ensayos: 8
2026-07-16 22:05:37,027  INFO          • Aspecto
2026-07-16 22:05:37,028  INFO          • Solubilidad
2026-07-16 22:05:37,030  INFO          • Identificación por TLC
2026-07-16 22:05:37,032  INFO          • Grado alcohólico
2026-07-16 22:05:37,033  INFO          • Densidad
2026-07-16 22:05:37,117  INFO          • Presencia de saponinas
2026-07-16 22:05:37,132  INFO          • Residuo seco
2026-07-16 22:05:37,177  INFO          • Análisis microbiológico
2026-07-16 22:05:37,217  WARNING     TRUNCAMIENTO en peso_molecular: len=1637 > 100 — 'N/A Envasado y almacenamiento: Almacenar en envase original, bien cerrado, prote...'
2026-07-16 22:05:37,271  ERROR       ✗ Error al insertar: ('22001', '[22001] [Microsoft][ODBC SQL Server Driver][SQL Server]Los datos de cadena o binarios se truncarían. (8152) (SQLExecDirectW); [22001] [Microsoft][ODBC SQL Server Driver][SQL Server]Se terminó la instrucción. (3621)')
2026-07-16 22:05:37,285  ERROR         Diagnóstico de largos:
2026-07-16 22:05:37,305  ERROR         erp_CODART=5 erp_DESART=27 tipo_mp=16 accion=25
2026-07-16 22:05:37,376  ERROR         Ensayo 1: nombre=7 espec=255 tecnica=30 biblio=13
2026-07-16 22:05:37,378  ERROR         Ensayo 2: nombre=11 espec=42 tecnica=16 biblio=13
2026-07-16 22:05:37,380  ERROR         Ensayo 3: nombre=22 espec=121 tecnica=3 biblio=38
2026-07-16 22:05:37,381  ERROR         Ensayo 4: nombre=16 espec=13 tecnica=57 biblio=9
2026-07-16 22:05:37,383  ERROR         Ensayo 5: nombre=8 espec=11 tecnica=14 biblio=13
2026-07-16 22:05:37,385  ERROR         Ensayo 6: nombre=22 espec=29 tecnica=16 biblio=13
2026-07-16 22:05:37,388  ERROR         Ensayo 7: nombre=12 espec=12 tecnica=11 biblio=13
2026-07-16 22:05:37,390  ERROR         Ensayo 8: nombre=23 espec=41 tecnica=13 biblio=13
2026-07-16 22:05:37,405  INFO      
→ Fenbendazol  ESP MP.docx
2026-07-16 22:05:37,507  INFO        Código:  MP040
2026-07-16 22:05:37,508  INFO        Nombre:  FENBENDAZOL
2026-07-16 22:05:37,510  INFO        Tipo:    Principio Activo
2026-07-16 22:05:37,511  INFO        CAS:     
2026-07-16 22:05:37,512  INFO        Ensayos: 8
2026-07-16 22:05:37,514  INFO          • Aspecto
2026-07-16 22:05:37,516  INFO          • Solubilidad
2026-07-16 22:05:37,517  INFO          • Identificación por espectroscopía IR
2026-07-16 22:05:37,518  INFO          • Pérdida por desecación
2026-07-16 22:05:37,521  INFO          • Cenizas sulfatadas
2026-07-16 22:05:37,524  INFO          • Metales pesados
2026-07-16 22:05:37,528  INFO          • Sustancias relacionadas.
2026-07-16 22:05:37,538  INFO          • Valoración
2026-07-16 22:05:37,543  WARNING     TRUNCAMIENTO en peso_molecular: len=1493 > 100 — '299,4 Envasado y almacenamiento: Conservar en envases bien cerrados, protegidos ...'
2026-07-16 22:05:37,548  ERROR       ✗ Error al insertar: ('22001', '[22001] [Microsoft][ODBC SQL Server Driver][SQL Server]Los datos de cadena o binarios se truncarían. (8152) (SQLExecDirectW); [22001] [Microsoft][ODBC SQL Server Driver][SQL Server]Se terminó la instrucción. (3621)')
2026-07-16 22:05:37,551  ERROR         Diagnóstico de largos:
2026-07-16 22:05:37,552  ERROR         erp_CODART=5 erp_DESART=11 tipo_mp=16 accion=23
2026-07-16 22:05:37,555  ERROR         Ensayo 1: nombre=7 espec=27 tecnica=19 biblio=14
2026-07-16 22:05:37,557  ERROR         Ensayo 2: nombre=11 espec=102 tecnica=17 biblio=14
2026-07-16 22:05:37,562  ERROR         Ensayo 3: nombre=36 espec=76 tecnica=17 biblio=14
2026-07-16 22:05:37,573  ERROR         Ensayo 4: nombre=22 espec=7 tecnica=12 biblio=14
2026-07-16 22:05:37,578  ERROR         Ensayo 5: nombre=18 espec=7 tecnica=12 biblio=14
2026-07-16 22:05:37,600  ERROR         Ensayo 6: nombre=15 espec=8 tecnica=38 biblio=14
2026-07-16 22:05:37,602  ERROR         Ensayo 7: nombre=24 espec=120 tecnica=5 biblio=14
2026-07-16 22:05:37,605  ERROR         Ensayo 8: nombre=10 espec=72 tecnica=45 biblio=14
2026-07-16 22:05:37,611  INFO      
→ Glucosa anhidra  ESP MP.docx
2026-07-16 22:05:37,724  INFO        Código:  MP041
2026-07-16 22:05:37,730  INFO        Nombre:  GLUCOSA ANHIDRA
2026-07-16 22:05:37,732  INFO        Tipo:    Principio Activo
2026-07-16 22:05:37,735  INFO        CAS:     
2026-07-16 22:05:37,736  INFO        Ensayos: 16
2026-07-16 22:05:37,752  INFO          • Aspecto
2026-07-16 22:05:37,758  INFO          • Solubilidad
2026-07-16 22:05:37,764  INFO          • Identificación química
2026-07-16 22:05:37,767  INFO          • Identificación por TLC
2026-07-16 22:05:37,777  INFO          • Color de la solución.
2026-07-16 22:05:37,781  INFO          • Rotación específica
2026-07-16 22:05:37,786  INFO          • Acidez
2026-07-16 22:05:37,808  INFO          • Agua
2026-07-16 22:05:37,810  INFO          • Residuo de ignición
2026-07-16 22:05:37,815  INFO          • Metales pesados
2026-07-16 22:05:37,821  INFO          • cloruros
2026-07-16 22:05:37,823  INFO          • Sulfatos
2026-07-16 22:05:37,824  INFO          • Arsénico
2026-07-16 22:05:37,830  INFO          • Dextrina
2026-07-16 22:05:37,832  INFO          • Almidón soluble, sulfitos.
2026-07-16 22:05:37,841  INFO          • Valoración
2026-07-16 22:05:37,846  WARNING     TRUNCAMIENTO en peso_molecular: len=2161 > 100 — '180.16 Envasado y almacenamiento: Conservar en envases bien cerrados. Determinac...'
2026-07-16 22:05:37,849  WARNING     TRUNCAMIENTO en envasado_almacenamiento: len=2127 > 2000 — 'Conservar en envases bien cerrados. Determinaciones: ENSAYO | ESPECIFICACIONES |...'
2026-07-16 22:05:37,864  ERROR       ✗ Error al insertar: ('22001', '[22001] [Microsoft][ODBC SQL Server Driver][SQL Server]Los datos de cadena o binarios se truncarían. (8152) (SQLParamData); [22001] [Microsoft][ODBC SQL Server Driver][SQL Server]Se terminó la instrucción. (3621)')
2026-07-16 22:05:37,866  ERROR         Diagnóstico de largos:
2026-07-16 22:05:37,873  ERROR         erp_CODART=5 erp_DESART=15 tipo_mp=16 accion=18
2026-07-16 22:05:37,878  ERROR         Ensayo 1: nombre=7 espec=83 tecnica=31 biblio=6
2026-07-16 22:05:37,881  ERROR         Ensayo 2: nombre=11 espec=117 tecnica=17 biblio=6
2026-07-16 22:05:37,883  ERROR         Ensayo 3: nombre=22 espec=64 tecnica=19 biblio=6
2026-07-16 22:05:37,892  ERROR         Ensayo 4: nombre=22 espec=105 tecnica=3 biblio=13
2026-07-16 22:05:37,897  ERROR         Ensayo 5: nombre=21 espec=69 tecnica=19 biblio=6
2026-07-16 22:05:37,900  ERROR         Ensayo 6: nombre=19 espec=23 tecnica=12 biblio=14
2026-07-16 22:05:37,909  ERROR         Ensayo 7: nombre=6 espec=33 tecnica=56 biblio=6
2026-07-16 22:05:37,913  ERROR         Ensayo 8: nombre=4 espec=7 tecnica=11 biblio=23
2026-07-16 22:05:37,916  ERROR         Ensayo 9: nombre=19 espec=7 tecnica=11 biblio=12
2026-07-16 22:05:37,918  ERROR         Ensayo 10: nombre=15 espec=6 tecnica=38 biblio=12
2026-07-16 22:05:37,936  ERROR         Ensayo 11: nombre=8 espec=9 tecnica=38 biblio=12
2026-07-16 22:05:37,964  ERROR         Ensayo 12: nombre=8 espec=9 tecnica=38 biblio=12
2026-07-16 22:05:37,975  ERROR         Ensayo 13: nombre=8 espec=7 tecnica=38 biblio=22
2026-07-16 22:05:37,982  ERROR         Ensayo 14: nombre=8 espec=30 tecnica=19 biblio=6
2026-07-16 22:05:37,984  ERROR         Ensayo 15: nombre=26 espec=38 tecnica=38 biblio=6
2026-07-16 22:05:37,987  ERROR         Ensayo 16: nombre=10 espec=58 tecnica=12 biblio=7
2026-07-16 22:05:37,998  INFO      
→ Griseofulvina ESP MP.docx
2026-07-16 22:05:38,099  INFO        Código:  MP047
2026-07-16 22:05:38,100  INFO        Nombre:  GRISEOFULVINA
2026-07-16 22:05:38,102  INFO        Tipo:    Principio Activo
2026-07-16 22:05:38,104  INFO        CAS:     
2026-07-16 22:05:38,106  INFO        Ensayos: 10
2026-07-16 22:05:38,107  INFO          • Aspecto
2026-07-16 22:05:38,114  INFO          • Solubilidad
2026-07-16 22:05:38,117  INFO          • Identificación por espectroscopía IR
2026-07-16 22:05:38,130  INFO          • Identificación por HPLC
2026-07-16 22:05:38,140  INFO          • Intervalo de fusión
2026-07-16 22:05:38,146  INFO          • Rotación específica
2026-07-16 22:05:38,149  INFO          • Agua
2026-07-16 22:05:38,161  INFO          • Residuo de ignición
2026-07-16 22:05:38,164  INFO          • Metales pesados
2026-07-16 22:05:38,171  INFO          • Valoración
2026-07-16 22:05:38,178  WARNING     TRUNCAMIENTO en peso_molecular: len=1563 > 100 — '352,77 Envasado y almacenamiento: Conservar en envases impermeables. Determinaci...'
2026-07-16 22:05:38,187  ERROR       ✗ Error al insertar: ('22001', '[22001] [Microsoft][ODBC SQL Server Driver][SQL Server]Los datos de cadena o binarios se truncarían. (8152) (SQLExecDirectW); [22001] [Microsoft][ODBC SQL Server Driver][SQL Server]Se terminó la instrucción. (3621)')
2026-07-16 22:05:38,193  ERROR         Diagnóstico de largos:
2026-07-16 22:05:38,195  ERROR         erp_CODART=5 erp_DESART=13 tipo_mp=16 accion=12
2026-07-16 22:05:38,200  ERROR         Ensayo 1: nombre=7 espec=39 tecnica=30 biblio=6
2026-07-16 22:05:38,209  ERROR         Ensayo 2: nombre=11 espec=116 tecnica=17 biblio=6
2026-07-16 22:05:38,214  ERROR         Ensayo 3: nombre=36 espec=74 tecnica=17 biblio=10
2026-07-16 22:05:38,217  ERROR         Ensayo 4: nombre=23 espec=123 tecnica=4 biblio=29
2026-07-16 22:05:38,224  ERROR         Ensayo 5: nombre=19 espec=10 tecnica=24 biblio=12
2026-07-16 22:05:38,229  ERROR         Ensayo 6: nombre=19 espec=21 tecnica=13 biblio=13
2026-07-16 22:05:38,231  ERROR         Ensayo 7: nombre=4 espec=6 tecnica=12 biblio=12
2026-07-16 22:05:38,235  ERROR         Ensayo 8: nombre=19 espec=6 tecnica=12 biblio=12
2026-07-16 22:05:38,237  ERROR         Ensayo 9: nombre=15 espec=10 tecnica=38 biblio=23
2026-07-16 22:05:38,240  ERROR         Ensayo 10: nombre=10 espec=42 tecnica=5 biblio=6
2026-07-16 22:05:38,244  INFO      
→ hidroxicina clorhidrato ESP MP.docx
2026-07-16 22:05:38,336  INFO        Código:  MP043
2026-07-16 22:05:38,337  INFO        Nombre:  HIDROXICINA, CLORHIDRATO
2026-07-16 22:05:38,340  INFO        Tipo:    Principio Activo
2026-07-16 22:05:38,341  INFO        CAS:     
2026-07-16 22:05:38,344  INFO        Ensayos: 11
2026-07-16 22:05:38,347  INFO          • Aspecto
2026-07-16 22:05:38,350  INFO          • Solubilidad
2026-07-16 22:05:38,364  INFO          • Identificación por espectroscopía IR
2026-07-16 22:05:38,366  INFO          • Identificación por espectroscopía UV
2026-07-16 22:05:38,369  INFO          • Identificación por HPLC
2026-07-16 22:05:38,371  INFO          • Punto de fusión
2026-07-16 22:05:38,393  INFO          • Pérdida por desecación
2026-07-16 22:05:38,418  INFO          • Residuo de ignición
2026-07-16 22:05:38,475  INFO          • Metales pesados
2026-07-16 22:05:38,477  INFO          • Pureza cromatográfica
2026-07-16 22:05:38,479  INFO          • Valoración
2026-07-16 22:05:38,481  WARNING     TRUNCAMIENTO en peso_molecular: len=2423 > 100 — '447,83 Envasado y almacenamiento: Conservar en envases impermeables. Determinaci...'
2026-07-16 22:05:38,483  WARNING     TRUNCAMIENTO en envasado_almacenamiento: len=2389 > 2000 — 'Conservar en envases impermeables. Determinaciones: ENSAYO | ENSAYO | ESPECIFICA...'
2026-07-16 22:05:38,487  ERROR       ✗ Error al insertar: ('22001', '[22001] [Microsoft][ODBC SQL Server Driver][SQL Server]Los datos de cadena o binarios se truncarían. (8152) (SQLParamData); [22001] [Microsoft][ODBC SQL Server Driver][SQL Server]Se terminó la instrucción. (3621)')
2026-07-16 22:05:38,488  ERROR         Diagnóstico de largos:
2026-07-16 22:05:38,490  ERROR         erp_CODART=5 erp_DESART=24 tipo_mp=16 accion=46
2026-07-16 22:05:38,492  ERROR         Ensayo 1: nombre=7 espec=7 tecnica=22 biblio=31
2026-07-16 22:05:38,494  ERROR         Ensayo 2: nombre=11 espec=11 tecnica=101 biblio=17
2026-07-16 22:05:38,496  ERROR         Ensayo 3: nombre=36 espec=36 tecnica=74 biblio=17
2026-07-16 22:05:38,502  ERROR         Ensayo 4: nombre=36 espec=36 tecnica=102 biblio=22
2026-07-16 22:05:38,513  ERROR         Ensayo 5: nombre=23 espec=123 tecnica=123 biblio=123
2026-07-16 22:05:38,517  ERROR         Ensayo 6: nombre=15 espec=44 tecnica=24 biblio=6
2026-07-16 22:05:38,519  ERROR         Ensayo 7: nombre=22 espec=7 tecnica=12 biblio=12
2026-07-16 22:05:38,521  ERROR         Ensayo 8: nombre=19 espec=7 tecnica=12 biblio=12
2026-07-16 22:05:38,534  ERROR         Ensayo 9: nombre=15 espec=9 tecnica=38 biblio=23
2026-07-16 22:05:38,537  ERROR         Ensayo 10: nombre=21 espec=74 tecnica=5 biblio=6
2026-07-16 22:05:38,548  ERROR         Ensayo 11: nombre=10 espec=83 tecnica=5 biblio=39
2026-07-16 22:05:38,561  INFO      
→ Imidacloprid  ESP MP.docx
2026-07-16 22:05:38,666  INFO        Código:  MP045
2026-07-16 22:05:38,667  INFO        Nombre:  IMIDACLOPRID
2026-07-16 22:05:38,708  INFO        Tipo:    Principio activo
2026-07-16 22:05:38,710  INFO        CAS:     
2026-07-16 22:05:38,714  INFO        Ensayos: 5
2026-07-16 22:05:38,716  INFO          • Aspecto
2026-07-16 22:05:38,720  INFO          • Identificación por HPLC
2026-07-16 22:05:38,727  INFO          • Acidez
2026-07-16 22:05:38,732  INFO          • Pérdida por desecación
2026-07-16 22:05:38,735  INFO          • Valoración
2026-07-16 22:05:38,750  WARNING     TRUNCAMIENTO en peso_molecular: len=1056 > 100 — '255.7 Envasado y almacenamiento: Conservar en envases bien cerrados, protegidos ...'
2026-07-16 22:05:38,760  ERROR       ✗ Error al insertar: ('22001', '[22001] [Microsoft][ODBC SQL Server Driver][SQL Server]Los datos de cadena o binarios se truncarían. (8152) (SQLExecDirectW); [22001] [Microsoft][ODBC SQL Server Driver][SQL Server]Se terminó la instrucción. (3621)')
2026-07-16 22:05:38,768  ERROR         Diagnóstico de largos:
2026-07-16 22:05:38,771  ERROR         erp_CODART=5 erp_DESART=12 tipo_mp=16 accion=23
2026-07-16 22:05:38,785  ERROR         Ensayo 1: nombre=7 espec=56 tecnica=18 biblio=13
2026-07-16 22:05:38,799  ERROR         Ensayo 2: nombre=23 espec=123 tecnica=4 biblio=35
2026-07-16 22:05:38,801  ERROR         Ensayo 3: nombre=6 espec=30 tecnica=10 biblio=13
2026-07-16 22:05:38,803  ERROR         Ensayo 4: nombre=22 espec=7 tecnica=11 biblio=13
2026-07-16 22:05:38,806  ERROR         Ensayo 5: nombre=10 espec=25 tecnica=4 biblio=35
2026-07-16 22:05:38,819  INFO      
→ jarabe de Desessartz ESP MP.docx
2026-07-16 22:05:38,935  INFO        Código:  MP070
2026-07-16 22:05:38,935  INFO        Nombre:  SOLUCIÓN CONCENTRADA PARA JARABE DE DESESSARTZ
2026-07-16 22:05:38,938  INFO        Tipo:    Excipiente
2026-07-16 22:05:38,939  INFO        CAS:     
2026-07-16 22:05:38,940  INFO        Ensayos: 7
2026-07-16 22:05:38,942  INFO          • Aspecto
2026-07-16 22:05:38,943  INFO          • Solubilidad
2026-07-16 22:05:38,944  INFO          • Identificación por TLC
2026-07-16 22:05:38,968  INFO          • Identificación química de oxhidrilos fenólicos
2026-07-16 22:05:38,980  INFO          • Densidad
2026-07-16 22:05:38,999  INFO          • Residuo seco
2026-07-16 22:05:39,001  INFO          • Identificación química de alcaloides: (a) Con reactivo de Mayer (b) Con reactivo de Dragendorff (c) Con reactivo de Bouchardt
2026-07-16 22:05:39,035  WARNING     TRUNCAMIENTO en peso_molecular: len=1702 > 100 — 'N/A Envasado y almacenamiento: Almacenar en envase original, bien cerrado, prote...'
2026-07-16 22:05:39,065  ERROR       ✗ Error al insertar: ('22001', '[22001] [Microsoft][ODBC SQL Server Driver][SQL Server]Los datos de cadena o binarios se truncarían. (8152) (SQLExecDirectW); [22001] [Microsoft][ODBC SQL Server Driver][SQL Server]Se terminó la instrucción. (3621)')
2026-07-16 22:05:39,075  ERROR         Diagnóstico de largos:
2026-07-16 22:05:39,078  ERROR         erp_CODART=5 erp_DESART=46 tipo_mp=10 accion=3
2026-07-16 22:05:39,082  ERROR         Ensayo 1: nombre=7 espec=209 tecnica=30 biblio=13
2026-07-16 22:05:39,088  ERROR         Ensayo 2: nombre=11 espec=42 tecnica=16 biblio=13
2026-07-16 22:05:39,097  ERROR         Ensayo 3: nombre=22 espec=121 tecnica=3 biblio=38
2026-07-16 22:05:39,107  ERROR         Ensayo 4: nombre=46 espec=27 tecnica=37 biblio=13
2026-07-16 22:05:39,108  ERROR         Ensayo 5: nombre=8 espec=11 tecnica=14 biblio=13
2026-07-16 22:05:39,110  ERROR         Ensayo 6: nombre=12 espec=17 tecnica=11 biblio=13
2026-07-16 22:05:39,111  ERROR         Ensayo 7: nombre=125 espec=90 tecnica=37 biblio=13
2026-07-16 22:05:39,117  INFO      
→ jarabe de Tolu ESP MP.docx
2026-07-16 22:05:39,220  INFO        Código:  MP071
2026-07-16 22:05:39,221  INFO        Nombre:  SOLUCIÓN CONCENTRADA PARA JARABE DE TOLÚ
2026-07-16 22:05:39,223  INFO        Tipo:    Principio Activo
2026-07-16 22:05:39,225  INFO        CAS:     
2026-07-16 22:05:39,226  INFO        Ensayos: 7
2026-07-16 22:05:39,227  INFO          • Aspecto
2026-07-16 22:05:39,229  INFO          • Solubilidad
2026-07-16 22:05:39,232  INFO          • Identificación por TLC
2026-07-16 22:05:39,233  INFO          • Identificación química
2026-07-16 22:05:39,236  INFO          • Densidad
2026-07-16 22:05:39,239  INFO          • Residuo seco
2026-07-16 22:05:39,249  INFO          • Valoración
2026-07-16 22:05:39,258  WARNING     TRUNCAMIENTO en peso_molecular: len=1477 > 100 — 'N/A Envasado y almacenamiento: Almacenar en envase original, bien cerrado, prote...'
2026-07-16 22:05:39,261  ERROR       ✗ Error al insertar: ('22001', '[22001] [Microsoft][ODBC SQL Server Driver][SQL Server]Los datos de cadena o binarios se truncarían. (8152) (SQLExecDirectW); [22001] [Microsoft][ODBC SQL Server Driver][SQL Server]Se terminó la instrucción. (3621)')
2026-07-16 22:05:39,262  ERROR         Diagnóstico de largos:
2026-07-16 22:05:39,265  ERROR         erp_CODART=5 erp_DESART=40 tipo_mp=16 accion=26
2026-07-16 22:05:39,267  ERROR         Ensayo 1: nombre=7 espec=192 tecnica=30 biblio=13
2026-07-16 22:05:39,271  ERROR         Ensayo 2: nombre=11 espec=49 tecnica=16 biblio=13
2026-07-16 22:05:39,281  ERROR         Ensayo 3: nombre=22 espec=121 tecnica=3 biblio=38
2026-07-16 22:05:39,299  ERROR         Ensayo 4: nombre=22 espec=23 tecnica=37 biblio=13
2026-07-16 22:05:39,302  ERROR         Ensayo 5: nombre=8 espec=11 tecnica=14 biblio=13
2026-07-16 22:05:39,312  ERROR         Ensayo 6: nombre=12 espec=15 tecnica=11 biblio=13
2026-07-16 22:05:39,313  ERROR         Ensayo 7: nombre=10 espec=74 tecnica=26 biblio=24
2026-07-16 22:05:39,316  INFO      
→ Levamisol clorhidrato ESP MP.docx
2026-07-16 22:05:39,424  INFO        Código:  MP048
2026-07-16 22:05:39,425  INFO        Nombre:  LEVAMISOL, CLORHIDRATO
2026-07-16 22:05:39,428  INFO        Tipo:    Principio Activo
2026-07-16 22:05:39,429  INFO        CAS:     
2026-07-16 22:05:39,430  INFO        Ensayos: 13
2026-07-16 22:05:39,433  INFO          • Aspecto
2026-07-16 22:05:39,436  INFO          • Solubilidad
2026-07-16 22:05:39,440  INFO          • Identificación por espectroscopía IR
2026-07-16 22:05:39,443  INFO          • Identificación por TLC
2026-07-16 22:05:39,449  INFO          • Identificación por HPLC
2026-07-16 22:05:39,455  INFO          • Intervalo de fusión
2026-07-16 22:05:39,538  INFO          • Rotación específica
2026-07-16 22:05:39,588  INFO          • pH
2026-07-16 22:05:39,656  INFO          • Pérdida por secado
2026-07-16 22:05:39,691  INFO          • Residuo de ignición
2026-07-16 22:05:39,710  INFO          • Metales pesados
2026-07-16 22:05:39,737  INFO          • Pureza cromatográfica
2026-07-16 22:05:39,782  INFO          • Valoración
2026-07-16 22:05:39,876  WARNING     TRUNCAMIENTO en peso_molecular: len=1990 > 100 — '240,75 Envasado y almacenamiento: Conservar en envases bien cerrados, protegido ...'
2026-07-16 22:05:39,887  ERROR       ✗ Error al insertar: ('22001', '[22001] [Microsoft][ODBC SQL Server Driver][SQL Server]Los datos de cadena o binarios se truncarían. (8152) (SQLExecDirectW); [22001] [Microsoft][ODBC SQL Server Driver][SQL Server]Se terminó la instrucción. (3621)')
2026-07-16 22:05:39,921  ERROR         Diagnóstico de largos:
2026-07-16 22:05:39,969  ERROR         erp_CODART=5 erp_DESART=22 tipo_mp=16 accion=23
2026-07-16 22:05:39,972  ERROR         Ensayo 1: nombre=7 espec=39 tecnica=19 biblio=6
2026-07-16 22:05:39,984  ERROR         Ensayo 2: nombre=11 espec=117 tecnica=17 biblio=6
2026-07-16 22:05:39,998  ERROR         Ensayo 3: nombre=36 espec=74 tecnica=17 biblio=6
2026-07-16 22:05:40,055  ERROR         Ensayo 4: nombre=22 espec=121 tecnica=4 biblio=6
2026-07-16 22:05:40,150  ERROR         Ensayo 5: nombre=23 espec=123 tecnica=4 biblio=29
2026-07-16 22:05:40,152  ERROR         Ensayo 6: nombre=19 espec=11 tecnica=23 biblio=12
2026-07-16 22:05:40,153  ERROR         Ensayo 7: nombre=19 espec=23 tecnica=12 biblio=13
2026-07-16 22:05:40,156  ERROR         Ensayo 8: nombre=2 espec=7 tecnica=11 biblio=12
2026-07-16 22:05:40,158  ERROR         Ensayo 9: nombre=18 espec=7 tecnica=12 biblio=12
2026-07-16 22:05:40,159  ERROR         Ensayo 10: nombre=19 espec=7 tecnica=12 biblio=12
2026-07-16 22:05:40,161  ERROR         Ensayo 11: nombre=15 espec=9 tecnica=38 biblio=22
2026-07-16 22:05:40,161  ERROR         Ensayo 12: nombre=21 espec=75 tecnica=4 biblio=6
2026-07-16 22:05:40,162  ERROR         Ensayo 13: nombre=10 espec=76 tecnica=5 biblio=55
2026-07-16 22:05:40,167  INFO      
→ Levotiroxina Sódica ESP MP.docx
2026-07-16 22:05:40,268  INFO        Código:  MP049
2026-07-16 22:05:40,269  INFO        Nombre:  LEVOTIROXINA, SÓDICA
2026-07-16 22:05:40,271  INFO        Tipo:    Principio Activo
2026-07-16 22:05:40,272  INFO        CAS:     
2026-07-16 22:05:40,274  INFO        Ensayos: 9
2026-07-16 22:05:40,277  INFO          • Aspecto
2026-07-16 22:05:40,280  INFO          • Solubilidad
2026-07-16 22:05:40,281  INFO          • Identificación por HPLC
2026-07-16 22:05:40,283  INFO          • Rotación específica
2026-07-16 22:05:40,284  INFO          • pH
2026-07-16 22:05:40,286  INFO          • Agua
2026-07-16 22:05:40,290  INFO          • Límite de yoduro inorgánico
2026-07-16 22:05:40,296  INFO          • Límite de liotironina sódica
2026-07-16 22:05:40,298  INFO          • Valoración
2026-07-16 22:05:40,316  WARNING     TRUNCAMIENTO en peso_molecular: len=1693 > 100 — '(anhidro) 798,85 Envasado y almacenamiento: Conservar en envases impermeables. P...'
2026-07-16 22:05:40,326  ERROR       ✗ Error al insertar: ('22001', '[22001] [Microsoft][ODBC SQL Server Driver][SQL Server]Los datos de cadena o binarios se truncarían. (8152) (SQLExecDirectW); [22001] [Microsoft][ODBC SQL Server Driver][SQL Server]Se terminó la instrucción. (3621)')
2026-07-16 22:05:40,328  ERROR         Diagnóstico de largos:
2026-07-16 22:05:40,330  ERROR         erp_CODART=5 erp_DESART=20 tipo_mp=16 accion=13
2026-07-16 22:05:40,336  ERROR         Ensayo 1: nombre=7 espec=168 tecnica=31 biblio=6
2026-07-16 22:05:40,341  ERROR         Ensayo 2: nombre=11 espec=194 tecnica=17 biblio=6
2026-07-16 22:05:40,342  ERROR         Ensayo 3: nombre=23 espec=123 tecnica=4 biblio=29
2026-07-16 22:05:40,345  ERROR         Ensayo 4: nombre=19 espec=35 tecnica=12 biblio=14
2026-07-16 22:05:40,349  ERROR         Ensayo 5: nombre=2 espec=53 tecnica=11 biblio=6
2026-07-16 22:05:40,354  ERROR         Ensayo 6: nombre=4 espec=8 tecnica=11 biblio=25
2026-07-16 22:05:40,356  ERROR         Ensayo 7: nombre=27 espec=13 tecnica=14 biblio=6
2026-07-16 22:05:40,359  ERROR         Ensayo 8: nombre=28 espec=7 tecnica=4 biblio=6
2026-07-16 22:05:40,365  ERROR         Ensayo 9: nombre=10 espec=77 tecnica=4 biblio=6
2026-07-16 22:05:40,377  INFO      
→ Liotironina Sódica ESP MP.docx
2026-07-16 22:05:40,482  INFO        Código:  MP076
2026-07-16 22:05:40,486  INFO        Nombre:  LIOTIRONINA, SÓDICA
2026-07-16 22:05:40,489  INFO        Tipo:    Principio Activo
2026-07-16 22:05:40,490  INFO        CAS:     
2026-07-16 22:05:40,491  INFO        Ensayos: 13
2026-07-16 22:05:40,492  INFO          • Aspecto
2026-07-16 22:05:40,494  INFO          • Solubilidad
2026-07-16 22:05:40,495  INFO          • Identificación por espectroscopía UV
2026-07-16 22:05:40,497  INFO          • Identificación por HPLC
2026-07-16 22:05:40,498  INFO          • Identificación: Ensayo de iodo
2026-07-16 22:05:40,499  INFO          • Identificación: Ensayo de sodio
2026-07-16 22:05:40,501  INFO          • Rotación específica
2026-07-16 22:05:40,504  INFO          • Pérdida por desecación
2026-07-16 22:05:40,508  INFO          • Límite de yoduro inorgánico
2026-07-16 22:05:40,512  INFO          • Límite de levotiroxina sódica
2026-07-16 22:05:40,528  INFO          • Contenido de cloruro
2026-07-16 22:05:40,530  INFO          • Contenido de sodio
2026-07-16 22:05:40,533  INFO          • Valoración
2026-07-16 22:05:40,541  WARNING     TRUNCAMIENTO en peso_molecular: len=2071 > 100 — '672,96 Envasado y almacenamiento: Conservar en envases impermeables. Determinaci...'
2026-07-16 22:05:40,543  WARNING     TRUNCAMIENTO en envasado_almacenamiento: len=2037 > 2000 — 'Conservar en envases impermeables. Determinaciones: ENSAYO | ESPECIFICACIONES | ...'
2026-07-16 22:05:40,555  ERROR       ✗ Error al insertar: ('22001', '[22001] [Microsoft][ODBC SQL Server Driver][SQL Server]Los datos de cadena o binarios se truncarían. (8152) (SQLParamData); [22001] [Microsoft][ODBC SQL Server Driver][SQL Server]Se terminó la instrucción. (3621)')
2026-07-16 22:05:40,560  ERROR         Diagnóstico de largos:
2026-07-16 22:05:40,564  ERROR         erp_CODART=5 erp_DESART=19 tipo_mp=16 accion=13
2026-07-16 22:05:40,571  ERROR         Ensayo 1: nombre=7 espec=50 tecnica=30 biblio=6
2026-07-16 22:05:40,575  ERROR         Ensayo 2: nombre=11 espec=124 tecnica=17 biblio=6
2026-07-16 22:05:40,583  ERROR         Ensayo 3: nombre=36 espec=141 tecnica=21 biblio=6
2026-07-16 22:05:40,585  ERROR         Ensayo 4: nombre=23 espec=123 tecnica=4 biblio=29
2026-07-16 22:05:40,587  ERROR         Ensayo 5: nombre=30 espec=50 tecnica=37 biblio=6
2026-07-16 22:05:40,589  ERROR         Ensayo 6: nombre=31 espec=65 tecnica=37 biblio=25
2026-07-16 22:05:40,592  ERROR         Ensayo 7: nombre=19 espec=17 tecnica=12 biblio=14
2026-07-16 22:05:40,600  ERROR         Ensayo 8: nombre=22 espec=7 tecnica=11 biblio=12
2026-07-16 22:05:40,611  ERROR         Ensayo 9: nombre=27 espec=16 tecnica=14 biblio=6
2026-07-16 22:05:40,615  ERROR         Ensayo 10: nombre=29 espec=7 tecnica=4 biblio=6
2026-07-16 22:05:40,618  ERROR         Ensayo 11: nombre=20 espec=28 tecnica=37 biblio=6
2026-07-16 22:05:40,630  ERROR         Ensayo 12: nombre=18 espec=30 tecnica=11 biblio=6
2026-07-16 22:05:40,632  ERROR         Ensayo 13: nombre=10 espec=75 tecnica=4 biblio=6
2026-07-16 22:05:40,646  INFO      
→ Mebendazol ESP MP.docx
2026-07-16 22:05:40,752  INFO        Código:  MP050
2026-07-16 22:05:40,753  INFO        Nombre:  MEBENDAZOL
2026-07-16 22:05:40,755  INFO        Tipo:    Principio Activo
2026-07-16 22:05:40,759  INFO        CAS:     
2026-07-16 22:05:40,761  INFO        Ensayos: 11
2026-07-16 22:05:40,788  INFO          • Aspecto
2026-07-16 22:05:40,791  INFO          • Solubilidad
2026-07-16 22:05:40,793  INFO          • Identificación por espectroscopía IR
2026-07-16 22:05:40,796  INFO          • Identificación por TLC
2026-07-16 22:05:40,806  INFO          • Identificación por HPLC
2026-07-16 22:05:40,811  INFO          • Punto de fusión
2026-07-16 22:05:40,813  INFO          • Pérdida por secado
2026-07-16 22:05:40,816  INFO          • Residuo de ignición
2026-07-16 22:05:40,827  INFO          • Metales pesados
2026-07-16 22:05:40,830  INFO          • Pureza cromatográfica
2026-07-16 22:05:40,833  INFO          • Valoración
2026-07-16 22:05:40,846  WARNING     TRUNCAMIENTO en peso_molecular: len=1962 > 100 — '295,29 Envasado y almacenamiento: Conservar en envases bien cerrados. Determinac...'
2026-07-16 22:05:40,859  ERROR       ✗ Error al insertar: ('22001', '[22001] [Microsoft][ODBC SQL Server Driver][SQL Server]Los datos de cadena o binarios se truncarían. (8152) (SQLExecDirectW); [22001] [Microsoft][ODBC SQL Server Driver][SQL Server]Se terminó la instrucción. (3621)')
2026-07-16 22:05:40,865  ERROR         Diagnóstico de largos:
2026-07-16 22:05:40,872  ERROR         erp_CODART=5 erp_DESART=10 tipo_mp=16 accion=23
2026-07-16 22:05:40,879  ERROR         Ensayo 1: nombre=7 espec=50 tecnica=30 biblio=6
2026-07-16 22:05:40,894  ERROR         Ensayo 2: nombre=11 espec=150 tecnica=17 biblio=6
2026-07-16 22:05:40,897  ERROR         Ensayo 3: nombre=36 espec=74 tecnica=17 biblio=13
2026-07-16 22:05:40,899  ERROR         Ensayo 4: nombre=22 espec=115 tecnica=3 biblio=6
2026-07-16 22:05:40,908  ERROR         Ensayo 5: nombre=23 espec=123 tecnica=4 biblio=29
2026-07-16 22:05:40,911  ERROR         Ensayo 6: nombre=15 espec=23 tecnica=23 biblio=6
2026-07-16 22:05:40,913  ERROR         Ensayo 7: nombre=18 espec=7 tecnica=11 biblio=13
2026-07-16 22:05:40,916  ERROR         Ensayo 8: nombre=19 espec=7 tecnica=11 biblio=12
2026-07-16 22:05:40,928  ERROR         Ensayo 9: nombre=15 espec=9 tecnica=38 biblio=24
2026-07-16 22:05:40,929  ERROR         Ensayo 10: nombre=21 espec=189 tecnica=3 biblio=6
2026-07-16 22:05:40,933  ERROR         Ensayo 11: nombre=10 espec=67 tecnica=4 biblio=6
2026-07-16 22:05:40,952  INFO      
→ Megestrol, acetato ESP MP.docx
2026-07-16 22:05:41,050  INFO        Código:  MP051
2026-07-16 22:05:41,051  INFO        Nombre:  MEGESTROL, ACETATO
2026-07-16 22:05:41,053  INFO        Tipo:    Principio Activo
2026-07-16 22:05:41,056  INFO        CAS:     
2026-07-16 22:05:41,057  INFO        Ensayos: 10
2026-07-16 22:05:41,060  INFO          • Aspecto
2026-07-16 22:05:41,063  INFO          • Solubilidad
2026-07-16 22:05:41,066  INFO          • Identificación por espectroscopía IR
2026-07-16 22:05:41,079  INFO          • Identificación por HPLC
2026-07-16 22:05:41,082  INFO          • Intervalo de fusión
2026-07-16 22:05:41,090  INFO          • Rotación específica
2026-07-16 22:05:41,094  INFO          • Agua
2026-07-16 22:05:41,098  INFO          • Residuo de ignición
2026-07-16 22:05:41,122  INFO          • Metales pesados
2026-07-16 22:05:41,123  INFO          • Valoración
2026-07-16 22:05:41,128  WARNING     TRUNCAMIENTO en peso_molecular: len=1899 > 100 — '384,51 Envasado y almacenamiento: Conservar en envases bien cerrados, protegido ...'
2026-07-16 22:05:41,137  ERROR       ✗ Error al insertar: ('22001', '[22001] [Microsoft][ODBC SQL Server Driver][SQL Server]Los datos de cadena o binarios se truncarían. (8152) (SQLExecDirectW); [22001] [Microsoft][ODBC SQL Server Driver][SQL Server]Se terminó la instrucción. (3621)')
2026-07-16 22:05:41,145  ERROR         Diagnóstico de largos:
2026-07-16 22:05:41,148  ERROR         erp_CODART=5 erp_DESART=18 tipo_mp=16 accion=46
2026-07-16 22:05:41,154  ERROR         Ensayo 1: nombre=7 espec=85 tecnica=30 biblio=6
2026-07-16 22:05:41,161  ERROR         Ensayo 2: nombre=11 espec=187 tecnica=17 biblio=6
2026-07-16 22:05:41,163  ERROR         Ensayo 3: nombre=36 espec=74 tecnica=17 biblio=13
2026-07-16 22:05:41,166  ERROR         Ensayo 4: nombre=23 espec=123 tecnica=4 biblio=29
2026-07-16 22:05:41,169  ERROR         Ensayo 5: nombre=19 espec=88 tecnica=23 biblio=14
2026-07-16 22:05:41,193  ERROR         Ensayo 6: nombre=19 espec=34 tecnica=12 biblio=14
2026-07-16 22:05:41,273  ERROR         Ensayo 7: nombre=4 espec=7 tecnica=12 biblio=23
2026-07-16 22:05:41,280  ERROR         Ensayo 8: nombre=19 espec=69 tecnica=11 biblio=12
2026-07-16 22:05:41,281  ERROR         Ensayo 9: nombre=15 espec=9 tecnica=37 biblio=24
2026-07-16 22:05:41,283  ERROR         Ensayo 10: nombre=10 espec=72 tecnica=4 biblio=6
2026-07-16 22:05:41,292  INFO      
→ Metoclopramida  ESP MP.docx
2026-07-16 22:05:41,397  INFO        Código:  MP052
2026-07-16 22:05:41,398  INFO        Nombre:  METOCLOPRAMIDA CLORHIDATO
2026-07-16 22:05:41,400  INFO        Tipo:    Principio Activo
2026-07-16 22:05:41,402  INFO        CAS:     
2026-07-16 22:05:41,403  INFO        Ensayos: 9
2026-07-16 22:05:41,404  INFO          • Aspecto
2026-07-16 22:05:41,406  INFO          • Solubilidad
2026-07-16 22:05:41,407  INFO          • Identificación por espectroscopía IR
2026-07-16 22:05:41,408  INFO          • Identificación por TLC
2026-07-16 22:05:41,411  INFO          • Identificación por HPLC
2026-07-16 22:05:41,413  INFO          • Agua
2026-07-16 22:05:41,420  INFO          • Residuo de ignición
2026-07-16 22:05:41,449  INFO          • Pureza cromatográfica
2026-07-16 22:05:41,451  INFO          • Valoración
2026-07-16 22:05:41,458  WARNING     TRUNCAMIENTO en peso_molecular: len=1895 > 100 — '354,27 Envasado y almacenamiento: Conservar en envases impermeables, resistentes...'
2026-07-16 22:05:41,462  ERROR       ✗ Error al insertar: ('22001', '[22001] [Microsoft][ODBC SQL Server Driver][SQL Server]Los datos de cadena o binarios se truncarían. (8152) (SQLExecDirectW); [22001] [Microsoft][ODBC SQL Server Driver][SQL Server]Se terminó la instrucción. (3621)')
2026-07-16 22:05:41,467  ERROR         Diagnóstico de largos:
2026-07-16 22:05:41,469  ERROR         erp_CODART=5 erp_DESART=25 tipo_mp=16 accion=11
2026-07-16 22:05:41,476  ERROR         Ensayo 1: nombre=7 espec=72 tecnica=31 biblio=6
2026-07-16 22:05:41,482  ERROR         Ensayo 2: nombre=11 espec=112 tecnica=17 biblio=6
2026-07-16 22:05:41,486  ERROR         Ensayo 3: nombre=36 espec=76 tecnica=17 biblio=13
2026-07-16 22:05:41,498  ERROR         Ensayo 4: nombre=22 espec=108 tecnica=3 biblio=6
2026-07-16 22:05:41,500  ERROR         Ensayo 5: nombre=23 espec=123 tecnica=4 biblio=30
2026-07-16 22:05:41,504  ERROR         Ensayo 6: nombre=4 espec=11 tecnica=13 biblio=22
2026-07-16 22:05:41,519  ERROR         Ensayo 7: nombre=19 espec=7 tecnica=11 biblio=12
2026-07-16 22:05:41,521  ERROR         Ensayo 8: nombre=21 espec=237 tecnica=3 biblio=6
2026-07-16 22:05:41,535  ERROR         Ensayo 9: nombre=10 espec=89 tecnica=4 biblio=39
2026-07-16 22:05:41,546  INFO      
→ N-metil 2-Pirrolidona  ESP MP.docx
2026-07-16 22:05:41,638  INFO        Código:  MP057
2026-07-16 22:05:41,659  INFO        Nombre:  N-Metil-2-pirrolidona
2026-07-16 22:05:41,661  INFO        Tipo:    Excipiente
2026-07-16 22:05:41,663  INFO        CAS:     
2026-07-16 22:05:41,664  INFO        Ensayos: 6
2026-07-16 22:05:41,666  INFO          • Aspecto
2026-07-16 22:05:41,667  INFO          • Identificación por CG
2026-07-16 22:05:41,669  INFO          • Densidad
2026-07-16 22:05:41,670  INFO          • Índice de refracción
2026-07-16 22:05:41,671  INFO          • Humedad
2026-07-16 22:05:41,672  INFO          • Valoración
2026-07-16 22:05:41,675  WARNING     TRUNCAMIENTO en peso_molecular: len=1066 > 100 — '99.13 Envasado y almacenamiento: Conservar en envases bien cerrados. Almacenar e...'
2026-07-16 22:05:41,677  ERROR       ✗ Error al insertar: ('22001', '[22001] [Microsoft][ODBC SQL Server Driver][SQL Server]Los datos de cadena o binarios se truncarían. (8152) (SQLExecDirectW); [22001] [Microsoft][ODBC SQL Server Driver][SQL Server]Se terminó la instrucción. (3621)')
2026-07-16 22:05:41,680  ERROR         Diagnóstico de largos:
2026-07-16 22:05:41,685  ERROR         erp_CODART=5 erp_DESART=21 tipo_mp=10 accion=3
2026-07-16 22:05:41,698  ERROR         Ensayo 1: nombre=7 espec=65 tecnica=31 biblio=4
2026-07-16 22:05:41,703  ERROR         Ensayo 2: nombre=21 espec=122 tecnica=2 biblio=6
2026-07-16 22:05:41,717  ERROR         Ensayo 3: nombre=8 espec=16 tecnica=14 biblio=13
2026-07-16 22:05:41,730  ERROR         Ensayo 4: nombre=20 espec=11 tecnica=17 biblio=13
2026-07-16 22:05:41,736  ERROR         Ensayo 5: nombre=7 espec=7 tecnica=12 biblio=13
2026-07-16 22:05:41,744  ERROR         Ensayo 6: nombre=10 espec=8 tecnica=2 biblio=6
2026-07-16 22:05:41,754  INFO      
→ Permetrina  ESP MP.docx
2026-07-16 22:05:41,845  INFO        Código:  MP059
2026-07-16 22:05:41,846  INFO        Nombre:  PERMETRINA
2026-07-16 22:05:41,849  INFO        Tipo:    Principio activo
2026-07-16 22:05:41,851  INFO        CAS:     
2026-07-16 22:05:41,852  INFO        Ensayos: 8
2026-07-16 22:05:41,853  INFO          • Aspecto
2026-07-16 22:05:41,855  INFO          • Identificación por HLPC
2026-07-16 22:05:41,856  INFO          • Densidad ()
2026-07-16 22:05:41,858  INFO          • pH
2026-07-16 22:05:41,859  INFO          • Agua
2026-07-16 22:05:41,860  INFO          • Alcohol m-Fenoxibencílico
2026-07-16 22:05:41,862  INFO          • Relación de isómeros
2026-07-16 22:05:41,865  INFO          • Valoración
2026-07-16 22:05:41,877  WARNING     TRUNCAMIENTO en peso_molecular: len=1257 > 100 — '391.29 Envasado y almacenamiento: Conservar en envases bien cerrados. Almacenar ...'
2026-07-16 22:05:41,888  ERROR       ✗ Error al insertar: ('22001', '[22001] [Microsoft][ODBC SQL Server Driver][SQL Server]Los datos de cadena o binarios se truncarían. (8152) (SQLExecDirectW); [22001] [Microsoft][ODBC SQL Server Driver][SQL Server]Se terminó la instrucción. (3621)')
2026-07-16 22:05:41,890  ERROR         Diagnóstico de largos:
2026-07-16 22:05:41,903  ERROR         erp_CODART=5 erp_DESART=10 tipo_mp=16 accion=23
2026-07-16 22:05:41,905  ERROR         Ensayo 1: nombre=7 espec=96 tecnica=31 biblio=13
2026-07-16 22:05:41,908  ERROR         Ensayo 2: nombre=23 espec=142 tecnica=4 biblio=34
2026-07-16 22:05:41,920  ERROR         Ensayo 3: nombre=11 espec=16 tecnica=14 biblio=13
2026-07-16 22:05:41,943  ERROR         Ensayo 4: nombre=2 espec=7 tecnica=11 biblio=13
2026-07-16 22:05:41,945  ERROR         Ensayo 5: nombre=4 espec=8 tecnica=12 biblio=13
2026-07-16 22:05:41,946  ERROR         Ensayo 6: nombre=25 espec=11 tecnica=2 biblio=13
2026-07-16 22:05:41,949  ERROR         Ensayo 7: nombre=20 espec=23 tecnica=2 biblio=13
2026-07-16 22:05:41,952  ERROR         Ensayo 8: nombre=10 espec=12 tecnica=4 biblio=34
2026-07-16 22:05:41,963  INFO      
→ Piroxicam  ESP MP.docx
2026-07-16 22:05:42,061  INFO        Código:  MP060
2026-07-16 22:05:42,062  INFO        Nombre:  PIROXICAM
2026-07-16 22:05:42,065  INFO        Tipo:    Principio Activo
2026-07-16 22:05:42,069  INFO        CAS:     
2026-07-16 22:05:42,071  INFO        Ensayos: 10
2026-07-16 22:05:42,072  INFO          • Aspecto
2026-07-16 22:05:42,073  INFO          • Solubilidad
2026-07-16 22:05:42,075  INFO          • Identificación por espectroscopía IR
2026-07-16 22:05:42,077  INFO          • Identificación por espectroscopía UV
2026-07-16 22:05:42,078  INFO          • Identificación por TLC
2026-07-16 22:05:42,079  INFO          • Identificación por HPLC
2026-07-16 22:05:42,080  INFO          • Agua
2026-07-16 22:05:42,085  INFO          • Residuo de ignición
2026-07-16 22:05:42,090  INFO          • Metales pesados
2026-07-16 22:05:42,097  INFO          • Valoración
2026-07-16 22:05:42,179  WARNING     TRUNCAMIENTO en peso_molecular: len=1831 > 100 — '331,35 Envasado y almacenamiento: Conservar en envases impermeables, resistentes...'
2026-07-16 22:05:42,186  ERROR       ✗ Error al insertar: ('22001', '[22001] [Microsoft][ODBC SQL Server Driver][SQL Server]Los datos de cadena o binarios se truncarían. (8152) (SQLExecDirectW); [22001] [Microsoft][ODBC SQL Server Driver][SQL Server]Se terminó la instrucción. (3621)')
2026-07-16 22:05:42,188  ERROR         Diagnóstico de largos:
2026-07-16 22:05:42,190  ERROR         erp_CODART=5 erp_DESART=9 tipo_mp=16 accion=29
2026-07-16 22:05:42,191  ERROR         Ensayo 1: nombre=7 espec=99 tecnica=31 biblio=6
2026-07-16 22:05:42,193  ERROR         Ensayo 2: nombre=11 espec=149 tecnica=17 biblio=6
2026-07-16 22:05:42,196  ERROR         Ensayo 3: nombre=36 espec=76 tecnica=17 biblio=13
2026-07-16 22:05:42,201  ERROR         Ensayo 4: nombre=36 espec=76 tecnica=17 biblio=14
2026-07-16 22:05:42,229  ERROR         Ensayo 5: nombre=22 espec=108 tecnica=3 biblio=6
2026-07-16 22:05:42,260  ERROR         Ensayo 6: nombre=23 espec=123 tecnica=4 biblio=30
2026-07-16 22:05:42,297  ERROR         Ensayo 7: nombre=4 espec=7 tecnica=13 biblio=22
2026-07-16 22:05:42,317  ERROR         Ensayo 8: nombre=19 espec=7 tecnica=11 biblio=12
2026-07-16 22:05:42,342  ERROR         Ensayo 9: nombre=15 espec=9 tecnica=38 biblio=23
2026-07-16 22:05:42,372  ERROR         Ensayo 10: nombre=10 espec=27 tecnica=4 biblio=6
2026-07-16 22:05:42,418  INFO      
→ Praziquantel ESP MP.docx
2026-07-16 22:05:42,548  INFO        Código:  MP062
2026-07-16 22:05:42,549  INFO        Nombre:  PRAZIQUANTEL
2026-07-16 22:05:42,552  INFO        Tipo:    Principio Activo
2026-07-16 22:05:42,553  INFO        CAS:     
2026-07-16 22:05:42,554  INFO        Ensayos: 11
2026-07-16 22:05:42,556  INFO          • Aspecto
2026-07-16 22:05:42,557  INFO          • Solubilidad
2026-07-16 22:05:42,559  INFO          • Identificación por espectroscopía IR
2026-07-16 22:05:42,560  INFO          • Identificación por HPLC
2026-07-16 22:05:42,562  INFO          • Intervalo de fusión
2026-07-16 22:05:42,563  INFO          • Pérdida por secado
2026-07-16 22:05:42,565  INFO          • Residuo de ignición
2026-07-16 22:05:42,581  INFO          • Fosfato
2026-07-16 22:05:42,589  INFO          • Metales pesados
2026-07-16 22:05:42,594  INFO          • Compuestos relacionados
2026-07-16 22:05:42,599  INFO          • Valoración
2026-07-16 22:05:42,602  WARNING     TRUNCAMIENTO en peso_molecular: len=1692 > 100 — '312,41 Envasado y almacenamiento: Conservar en envases bien cerrados, resistente...'
2026-07-16 22:05:42,609  ERROR       ✗ Error al insertar: ('22001', '[22001] [Microsoft][ODBC SQL Server Driver][SQL Server]Los datos de cadena o binarios se truncarían. (8152) (SQLExecDirectW); [22001] [Microsoft][ODBC SQL Server Driver][SQL Server]Se terminó la instrucción. (3621)')
2026-07-16 22:05:42,611  ERROR         Diagnóstico de largos:
2026-07-16 22:05:42,623  ERROR         erp_CODART=5 erp_DESART=12 tipo_mp=16 accion=23
2026-07-16 22:05:42,625  ERROR         Ensayo 1: nombre=7 espec=99 tecnica=31 biblio=6
2026-07-16 22:05:42,639  ERROR         Ensayo 2: nombre=11 espec=72 tecnica=17 biblio=6
2026-07-16 22:05:42,642  ERROR         Ensayo 3: nombre=36 espec=74 tecnica=17 biblio=13
2026-07-16 22:05:42,652  ERROR         Ensayo 4: nombre=23 espec=123 tecnica=4 biblio=29
2026-07-16 22:05:42,657  ERROR         Ensayo 5: nombre=19 espec=11 tecnica=23 biblio=9
2026-07-16 22:05:42,659  ERROR         Ensayo 6: nombre=18 espec=7 tecnica=11 biblio=12
2026-07-16 22:05:42,668  ERROR         Ensayo 7: nombre=19 espec=7 tecnica=11 biblio=12
2026-07-16 22:05:42,672  ERROR         Ensayo 8: nombre=7 espec=8 tecnica=16 biblio=6
2026-07-16 22:05:42,675  ERROR         Ensayo 9: nombre=15 espec=9 tecnica=38 biblio=23
2026-07-16 22:05:42,683  ERROR         Ensayo 10: nombre=23 espec=32 tecnica=4 biblio=6
2026-07-16 22:05:42,686  ERROR         Ensayo 11: nombre=10 espec=73 tecnica=4 biblio=6
2026-07-16 22:05:42,701  INFO      
→ Prednisolona ESP MP.docx
2026-07-16 22:05:42,811  INFO        Código:  MP063
2026-07-16 22:05:42,812  INFO        Nombre:  PREDNISOLONA
2026-07-16 22:05:42,814  INFO        Tipo:    Principio Activo
2026-07-16 22:05:42,816  INFO        CAS:     
2026-07-16 22:05:42,817  INFO        Ensayos: 12
2026-07-16 22:05:42,820  INFO          • Aspecto
2026-07-16 22:05:42,823  INFO          • Solubilidad
2026-07-16 22:05:42,825  INFO          • Identificación por espectroscopía IR
2026-07-16 22:05:42,833  INFO          • Identificación por espectroscopía UV
2026-07-16 22:05:42,839  INFO          • Identificación por HPLC
2026-07-16 22:05:42,842  INFO          • Punto de fusión
2026-07-16 22:05:42,847  INFO          • Rotación específica
2026-07-16 22:05:42,851  INFO          • Pérdida por desecación
2026-07-16 22:05:42,855  INFO          • Residuo de ignición
2026-07-16 22:05:42,857  INFO          • Selenio
2026-07-16 22:05:42,859  INFO          • Pureza cromatográfica
2026-07-16 22:05:42,871  INFO          • Valoración
2026-07-16 22:05:42,884  WARNING     TRUNCAMIENTO en peso_molecular: len=2074 > 100 — 'Anhidro: 360,45 Sesquihidrato: 387,48 Envasado y almacenamiento: Conservar en en...'
2026-07-16 22:05:42,889  WARNING     TRUNCAMIENTO en envasado_almacenamiento: len=2009 > 2000 — 'Conservar en envase bien cerrados. Determinaciones: ENSAYO | ESPECIFICACIONES | ...'
2026-07-16 22:05:42,900  ERROR       ✗ Error al insertar: ('22001', '[22001] [Microsoft][ODBC SQL Server Driver][SQL Server]Los datos de cadena o binarios se truncarían. (8152) (SQLParamData); [22001] [Microsoft][ODBC SQL Server Driver][SQL Server]Se terminó la instrucción. (3621)')
2026-07-16 22:05:42,902  ERROR         Diagnóstico de largos:
2026-07-16 22:05:42,906  ERROR         erp_CODART=5 erp_DESART=12 tipo_mp=16 accion=32
2026-07-16 22:05:42,908  ERROR         Ensayo 1: nombre=7 espec=54 tecnica=31 biblio=6
2026-07-16 22:05:42,910  ERROR         Ensayo 2: nombre=11 espec=133 tecnica=17 biblio=6
2026-07-16 22:05:42,915  ERROR         Ensayo 3: nombre=36 espec=74 tecnica=17 biblio=13
2026-07-16 22:05:42,925  ERROR         Ensayo 4: nombre=36 espec=101 tecnica=21 biblio=14
2026-07-16 22:05:42,935  ERROR         Ensayo 5: nombre=23 espec=123 tecnica=4 biblio=29
2026-07-16 22:05:42,984  ERROR         Ensayo 6: nombre=15 espec=53 tecnica=23 biblio=12
2026-07-16 22:05:42,986  ERROR         Ensayo 7: nombre=19 espec=20 tecnica=12 biblio=14
2026-07-16 22:05:42,990  ERROR         Ensayo 8: nombre=22 espec=33 tecnica=11 biblio=12
2026-07-16 22:05:42,994  ERROR         Ensayo 9: nombre=19 espec=27 tecnica=11 biblio=12
2026-07-16 22:05:43,012  ERROR         Ensayo 10: nombre=7 espec=7 tecnica=38 biblio=15
2026-07-16 22:05:43,018  ERROR         Ensayo 11: nombre=21 espec=109 tecnica=4 biblio=6
2026-07-16 22:05:43,021  ERROR         Ensayo 12: nombre=10 espec=73 tecnica=4 biblio=6
2026-07-16 22:05:43,035  INFO      
→ Propilenglicol  ESP MP.docx
2026-07-16 22:05:43,136  INFO        Código:  MP064
2026-07-16 22:05:43,137  INFO        Nombre:  PROPILENGLICOL
2026-07-16 22:05:43,139  INFO        Tipo:    Excipiente
2026-07-16 22:05:43,140  INFO        CAS:     
2026-07-16 22:05:43,141  INFO        Ensayos: 13
2026-07-16 22:05:43,143  INFO          • Aspecto
2026-07-16 22:05:43,144  INFO          • Solubilidad
2026-07-16 22:05:43,146  INFO          • Identificación por espectroscopía IR
2026-07-16 22:05:43,148  INFO          • Identificación por cromatografía gaseosa
2026-07-16 22:05:43,150  INFO          • Peso específico
2026-07-16 22:05:43,151  INFO          • Acidez
2026-07-16 22:05:43,153  INFO          • Determinación de ausencia de Dietilenglicol
2026-07-16 22:05:43,155  INFO          • Agua
2026-07-16 22:05:43,157  INFO          • Residuo de incineración
2026-07-16 22:05:43,162  INFO          • Metales pesados
2026-07-16 22:05:43,180  INFO          • Cloruros
2026-07-16 22:05:43,181  INFO          • Sulfatos
2026-07-16 22:05:43,182  INFO          • Valoración
2026-07-16 22:05:43,185  WARNING     TRUNCAMIENTO en peso_molecular: len=1985 > 100 — '76,09 Envasado y almacenamiento: Conservar en envases impermeables. Determinacio...'
2026-07-16 22:05:43,189  ERROR       ✗ Error al insertar: ('22001', '[22001] [Microsoft][ODBC SQL Server Driver][SQL Server]Los datos de cadena o binarios se truncarían. (8152) (SQLExecDirectW); [22001] [Microsoft][ODBC SQL Server Driver][SQL Server]Se terminó la instrucción. (3621)')
2026-07-16 22:05:43,191  ERROR         Diagnóstico de largos:
2026-07-16 22:05:43,196  ERROR         erp_CODART=5 erp_DESART=14 tipo_mp=10 accion=3
2026-07-16 22:05:43,199  ERROR         Ensayo 1: nombre=7 espec=115 tecnica=31 biblio=6
2026-07-16 22:05:43,207  ERROR         Ensayo 2: nombre=11 espec=135 tecnica=17 biblio=6
2026-07-16 22:05:43,212  ERROR         Ensayo 3: nombre=36 espec=76 tecnica=18 biblio=9
2026-07-16 22:05:43,220  ERROR         Ensayo 4: nombre=40 espec=123 tecnica=22 biblio=30
2026-07-16 22:05:43,227  ERROR         Ensayo 5: nombre=15 espec=13 tecnica=15 biblio=12
2026-07-16 22:05:43,231  ERROR         Ensayo 6: nombre=6 espec=50 tecnica=22 biblio=6
2026-07-16 22:05:43,240  ERROR         Ensayo 7: nombre=43 espec=9 tecnica=22 biblio=29
2026-07-16 22:05:43,246  ERROR         Ensayo 8: nombre=4 espec=7 tecnica=15 biblio=22
2026-07-16 22:05:43,249  ERROR         Ensayo 9: nombre=23 espec=8 tecnica=12 biblio=6
2026-07-16 22:05:43,262  ERROR         Ensayo 10: nombre=15 espec=7 tecnica=38 biblio=12
2026-07-16 22:05:43,265  ERROR         Ensayo 11: nombre=8 espec=9 tecnica=38 biblio=12
2026-07-16 22:05:43,277  ERROR         Ensayo 12: nombre=8 espec=9 tecnica=38 biblio=12
2026-07-16 22:05:43,280  ERROR         Ensayo 13: nombre=10 espec=26 tecnica=22 biblio=19
2026-07-16 22:05:43,293  INFO      
→ Sulfametoxazol ESP MP.docx
2026-07-16 22:05:43,387  INFO        Código:  MP073
2026-07-16 22:05:43,388  INFO        Nombre:  SULFAMETOXAZOL
2026-07-16 22:05:43,390  INFO        Tipo:    Principio Activo
2026-07-16 22:05:43,391  INFO        CAS:     
2026-07-16 22:05:43,393  INFO        Ensayos: 12
2026-07-16 22:05:43,394  INFO          • Aspecto
2026-07-16 22:05:43,396  INFO          • Solubilidad
2026-07-16 22:05:43,397  INFO          • Identificación por espectroscopía IR
2026-07-16 22:05:43,398  INFO          • Identificación por espectroscopía UV
2026-07-16 22:05:43,400  INFO          • Identificación por TLC
2026-07-16 22:05:43,401  INFO          • Identificación por HPLC
2026-07-16 22:05:43,402  INFO          • Intervalo de fusión
2026-07-16 22:05:43,403  INFO          • Pérdida por secado
2026-07-16 22:05:43,405  INFO          • Residuo de ignición
2026-07-16 22:05:43,408  INFO          • Sulfanilamida
2026-07-16 22:05:43,410  INFO          • Ácido sulfanílico
2026-07-16 22:05:43,415  INFO          • Valoración
2026-07-16 22:05:43,429  WARNING     TRUNCAMIENTO en peso_molecular: len=2105 > 100 — '253,28 Envasado y almacenamiento: Conservar en envases bien cerrados, resistente...'
2026-07-16 22:05:43,432  WARNING     TRUNCAMIENTO en envasado_almacenamiento: len=2071 > 2000 — 'Conservar en envases bien cerrados, resistentes a la luz. Almacenar a 25º, con v...'
2026-07-16 22:05:43,452  ERROR       ✗ Error al insertar: ('22001', '[22001] [Microsoft][ODBC SQL Server Driver][SQL Server]Los datos de cadena o binarios se truncarían. (8152) (SQLParamData); [22001] [Microsoft][ODBC SQL Server Driver][SQL Server]Se terminó la instrucción. (3621)')
2026-07-16 22:05:43,454  ERROR         Diagnóstico de largos:
2026-07-16 22:05:43,458  ERROR         erp_CODART=5 erp_DESART=14 tipo_mp=16 accion=26
2026-07-16 22:05:43,461  ERROR         Ensayo 1: nombre=7 espec=60 tecnica=30 biblio=6
2026-07-16 22:05:43,472  ERROR         Ensayo 2: nombre=11 espec=169 tecnica=17 biblio=7
2026-07-16 22:05:43,478  ERROR         Ensayo 3: nombre=36 espec=74 tecnica=17 biblio=13
2026-07-16 22:05:43,480  ERROR         Ensayo 4: nombre=36 espec=100 tecnica=17 biblio=14
2026-07-16 22:05:43,484  ERROR         Ensayo 5: nombre=22 espec=105 tecnica=3 biblio=6
2026-07-16 22:05:43,496  ERROR         Ensayo 6: nombre=23 espec=123 tecnica=4 biblio=29
2026-07-16 22:05:43,500  ERROR         Ensayo 7: nombre=19 espec=19 tecnica=24 biblio=21
2026-07-16 22:05:43,513  ERROR         Ensayo 8: nombre=18 espec=7 tecnica=11 biblio=12
2026-07-16 22:05:43,517  ERROR         Ensayo 9: nombre=19 espec=7 tecnica=11 biblio=12
2026-07-16 22:05:43,527  ERROR         Ensayo 10: nombre=13 espec=7 tecnica=3 biblio=6
2026-07-16 22:05:43,530  ERROR         Ensayo 11: nombre=17 espec=7 tecnica=3 biblio=6
2026-07-16 22:05:43,532  ERROR         Ensayo 12: nombre=10 espec=77 tecnica=4 biblio=87
2026-07-16 22:05:43,539  INFO      
→ Tiocol (sulfaguayacolato de potasio)  ESP MP.docx
2026-07-16 22:05:43,649  INFO        Código:  MP074
2026-07-16 22:05:43,650  INFO        Nombre:  TIOCOL
2026-07-16 22:05:43,652  INFO        Tipo:    Principio Activo
2026-07-16 22:05:43,653  INFO        CAS:     
2026-07-16 22:05:43,655  INFO        Ensayos: 10
2026-07-16 22:05:43,656  INFO          • Aspecto
2026-07-16 22:05:43,658  INFO          • Solubilidad
2026-07-16 22:05:43,660  INFO          • Identificación por espectroscopía IR
2026-07-16 22:05:43,664  INFO          • Identificación por espectroscopía UV
2026-07-16 22:05:43,666  INFO          • Identificación por HLPC
2026-07-16 22:05:43,677  INFO          • Agua
2026-07-16 22:05:43,688  INFO          • Selenio
2026-07-16 22:05:43,692  INFO          • Metales pesados
2026-07-16 22:05:43,696  INFO          • Sulfato
2026-07-16 22:05:43,698  INFO          • Valoración
2026-07-16 22:05:43,708  WARNING     TRUNCAMIENTO en peso_molecular: len=2654 > 100 — '251,30 Envasado y almacenamiento: Conservar en envases bien cerrados, resistente...'
2026-07-16 22:05:43,712  WARNING     TRUNCAMIENTO en envasado_almacenamiento: len=2620 > 2000 — 'Conservar en envases bien cerrados, resistentes a la luz. Determinaciones: ENSAY...'
2026-07-16 22:05:43,723  ERROR       ✗ Error al insertar: ('22001', '[22001] [Microsoft][ODBC SQL Server Driver][SQL Server]Los datos de cadena o binarios se truncarían. (8152) (SQLParamData); [22001] [Microsoft][ODBC SQL Server Driver][SQL Server]Se terminó la instrucción. (3621)')
2026-07-16 22:05:43,727  ERROR         Diagnóstico de largos:
2026-07-16 22:05:43,751  ERROR         erp_CODART=5 erp_DESART=6 tipo_mp=16 accion=20
2026-07-16 22:05:43,756  ERROR         Ensayo 1: nombre=7 espec=7 tecnica=97 biblio=31
2026-07-16 22:05:43,761  ERROR         Ensayo 2: nombre=11 espec=11 tecnica=133 biblio=17
2026-07-16 22:05:43,762  ERROR         Ensayo 3: nombre=36 espec=36 tecnica=76 biblio=18
2026-07-16 22:05:43,767  ERROR         Ensayo 4: nombre=36 espec=36 tecnica=76 biblio=22
2026-07-16 22:05:43,771  ERROR         Ensayo 5: nombre=23 espec=23 tecnica=142 biblio=5
2026-07-16 22:05:43,777  ERROR         Ensayo 6: nombre=4 espec=4 tecnica=9 biblio=12
2026-07-16 22:05:43,781  ERROR         Ensayo 7: nombre=7 espec=9 tecnica=9 biblio=9
2026-07-16 22:05:43,783  ERROR         Ensayo 8: nombre=15 espec=9 tecnica=9 biblio=9
2026-07-16 22:05:43,791  ERROR         Ensayo 9: nombre=7 espec=57 tecnica=57 biblio=57
2026-07-16 22:05:43,802  ERROR         Ensayo 10: nombre=10 espec=70 tecnica=70 biblio=70
2026-07-16 22:05:43,805  INFO      
→ Triamcinolona acetónido  ESP MP.docx
2026-07-16 22:05:43,897  INFO        Código:  MP075
2026-07-16 22:05:43,898  INFO        Nombre:  TRIAMCINOLONA, ACETÓNIDO
2026-07-16 22:05:43,901  INFO        Tipo:    Principio Activo
2026-07-16 22:05:43,902  INFO        CAS:     
2026-07-16 22:05:43,903  INFO        Ensayos: 9
2026-07-16 22:05:43,904  INFO          • Aspecto
2026-07-16 22:05:43,905  INFO          • Solubilidad
2026-07-16 22:05:43,907  INFO          • Identificación por espectroscopía IR
2026-07-16 22:05:43,912  INFO          • Identificación por espectroscopía UV
2026-07-16 22:05:43,913  INFO          • Identificación por HPLC
2026-07-16 22:05:43,915  INFO          • Rotación específica
2026-07-16 22:05:43,920  INFO          • Pérdida por desecación
2026-07-16 22:05:43,939  INFO          • Metales pesados
2026-07-16 22:05:43,941  INFO          • Valoración
2026-07-16 22:05:43,949  WARNING     TRUNCAMIENTO en peso_molecular: len=1715 > 100 — '434,51 Envasado y almacenamiento: Conservar en envases bien cerrados. Almacenar ...'
2026-07-16 22:05:43,963  ERROR       ✗ Error al insertar: ('22001', '[22001] [Microsoft][ODBC SQL Server Driver][SQL Server]Los datos de cadena o binarios se truncarían. (8152) (SQLExecDirectW); [22001] [Microsoft][ODBC SQL Server Driver][SQL Server]Se terminó la instrucción. (3621)')
2026-07-16 22:05:43,967  ERROR         Diagnóstico de largos:
2026-07-16 22:05:43,983  ERROR         erp_CODART=5 erp_DESART=24 tipo_mp=16 accion=26
2026-07-16 22:05:43,985  ERROR         Ensayo 1: nombre=7 espec=70 tecnica=31 biblio=6
2026-07-16 22:05:43,989  ERROR         Ensayo 2: nombre=11 espec=107 tecnica=17 biblio=6
2026-07-16 22:05:43,997  ERROR         Ensayo 3: nombre=36 espec=76 tecnica=17 biblio=14
2026-07-16 22:05:44,000  ERROR         Ensayo 4: nombre=36 espec=76 tecnica=19 biblio=14
2026-07-16 22:05:44,001  ERROR         Ensayo 5: nombre=23 espec=124 tecnica=4 biblio=30
2026-07-16 22:05:44,004  ERROR         Ensayo 6: nombre=19 espec=21 tecnica=12 biblio=14
2026-07-16 22:05:44,006  ERROR         Ensayo 7: nombre=22 espec=7 tecnica=11 biblio=12
2026-07-16 22:05:44,008  ERROR         Ensayo 8: nombre=15 espec=10 tecnica=38 biblio=6
2026-07-16 22:05:44,012  ERROR         Ensayo 9: nombre=10 espec=86 tecnica=4 biblio=6
2026-07-16 22:05:44,029  INFO      
→ Trimetoprima ESP MP.docx
2026-07-16 22:05:44,137  INFO        Código:  MP077
2026-07-16 22:05:44,170  INFO        Nombre:  TRIMETOPRIMA
2026-07-16 22:05:44,172  INFO        Tipo:    Principio Activo
2026-07-16 22:05:44,173  INFO        CAS:     
2026-07-16 22:05:44,175  INFO        Ensayos: 10
2026-07-16 22:05:44,176  INFO          • Aspecto
2026-07-16 22:05:44,179  INFO          • Solubilidad
2026-07-16 22:05:44,182  INFO          • Identificación por espectroscopía IR
2026-07-16 22:05:44,185  INFO          • Identificación por espectroscopía UV
2026-07-16 22:05:44,189  INFO          • Identificación por HPLC
2026-07-16 22:05:44,193  INFO          • Intervalo de fusión
2026-07-16 22:05:44,198  INFO          • Pérdida por secado
2026-07-16 22:05:44,200  INFO          • Residuo de ignición
2026-07-16 22:05:44,204  INFO          • Pureza cromatográfica
2026-07-16 22:05:44,211  INFO          • Valoración
2026-07-16 22:05:44,222  WARNING     TRUNCAMIENTO en peso_molecular: len=2010 > 100 — '290.32 Envasado y almacenamiento: Conservar en envases impermeables y resistente...'
2026-07-16 22:05:44,226  ERROR       ✗ Error al insertar: ('22001', '[22001] [Microsoft][ODBC SQL Server Driver][SQL Server]Los datos de cadena o binarios se truncarían. (8152) (SQLParamData); [22001] [Microsoft][ODBC SQL Server Driver][SQL Server]Se terminó la instrucción. (3621)')
2026-07-16 22:05:44,230  ERROR         Diagnóstico de largos:
2026-07-16 22:05:44,234  ERROR         erp_CODART=5 erp_DESART=12 tipo_mp=16 accion=26
2026-07-16 22:05:44,236  ERROR         Ensayo 1: nombre=7 espec=62 tecnica=30 biblio=6
2026-07-16 22:05:44,248  ERROR         Ensayo 2: nombre=11 espec=202 tecnica=17 biblio=6
2026-07-16 22:05:44,252  ERROR         Ensayo 3: nombre=36 espec=74 tecnica=17 biblio=13
2026-07-16 22:05:44,267  ERROR         Ensayo 4: nombre=36 espec=134 tecnica=21 biblio=6
2026-07-16 22:05:44,273  ERROR         Ensayo 5: nombre=23 espec=123 tecnica=4 biblio=29
2026-07-16 22:05:44,275  ERROR         Ensayo 6: nombre=19 espec=11 tecnica=24 biblio=12
2026-07-16 22:05:44,288  ERROR         Ensayo 7: nombre=18 espec=7 tecnica=11 biblio=12
2026-07-16 22:05:44,302  ERROR         Ensayo 8: nombre=19 espec=7 tecnica=11 biblio=12
2026-07-16 22:05:44,315  ERROR         Ensayo 9: nombre=21 espec=74 tecnica=4 biblio=6
2026-07-16 22:05:44,317  ERROR         Ensayo 10: nombre=10 espec=74 tecnica=4 biblio=88
2026-07-16 22:05:44,330  INFO      
→ Vaselina líquida ESP MP.docx
2026-07-16 22:05:44,428  INFO        Código:  MP078
2026-07-16 22:05:44,429  INFO        Nombre:  VASELINA LÍQUIDA
2026-07-16 22:05:44,431  INFO        Tipo:    Principio Activo
2026-07-16 22:05:44,433  INFO        CAS:     
2026-07-16 22:05:44,435  INFO        Ensayos: 10
2026-07-16 22:05:44,436  INFO          • Aspecto
2026-07-16 22:05:44,437  INFO          • Solubilidad
2026-07-16 22:05:44,439  INFO          • Identificación por espectroscopía IR
2026-07-16 22:05:44,440  INFO          • Peso específico
2026-07-16 22:05:44,441  INFO          • Viscosidad
2026-07-16 22:05:44,443  INFO          • Ácidos y álcalis
2026-07-16 22:05:44,446  INFO          • Azufre y sulfuros
2026-07-16 22:05:44,449  INFO          • Sustancias fácilmente carbonizables
2026-07-16 22:05:44,455  INFO          • Parafina sólida
2026-07-16 22:05:44,465  INFO          • Límite de compuestos polinucleares
2026-07-16 22:05:44,479  WARNING     TRUNCAMIENTO en peso_molecular: len=1836 > 100 — 'N/A Envasado y almacenamiento: Conservar en envases impermeables. Determinacione...'
2026-07-16 22:05:44,487  ERROR       ✗ Error al insertar: ('22001', '[22001] [Microsoft][ODBC SQL Server Driver][SQL Server]Los datos de cadena o binarios se truncarían. (8152) (SQLExecDirectW); [22001] [Microsoft][ODBC SQL Server Driver][SQL Server]Se terminó la instrucción. (3621)')
2026-07-16 22:05:44,489  ERROR         Diagnóstico de largos:
2026-07-16 22:05:44,494  ERROR         erp_CODART=5 erp_DESART=16 tipo_mp=16 accion=20
2026-07-16 22:05:44,496  ERROR         Ensayo 1: nombre=7 espec=181 tecnica=31 biblio=6
2026-07-16 22:05:44,502  ERROR         Ensayo 2: nombre=11 espec=136 tecnica=17 biblio=6
2026-07-16 22:05:44,516  ERROR         Ensayo 3: nombre=36 espec=74 tecnica=17 biblio=13
2026-07-16 22:05:44,517  ERROR         Ensayo 4: nombre=15 espec=11 tecnica=15 biblio=12
2026-07-16 22:05:44,521  ERROR         Ensayo 5: nombre=10 espec=53 tecnica=17 biblio=12
2026-07-16 22:05:44,523  ERROR         Ensayo 6: nombre=16 espec=28 tecnica=32 biblio=6
2026-07-16 22:05:44,557  ERROR         Ensayo 7: nombre=17 espec=48 tecnica=17 biblio=6
2026-07-16 22:05:44,560  ERROR         Ensayo 8: nombre=35 espec=17 tecnica=17 biblio=6
2026-07-16 22:05:44,592  ERROR         Ensayo 9: nombre=15 espec=37 tecnica=19 biblio=6
2026-07-16 22:05:44,664  ERROR         Ensayo 10: nombre=34 espec=115 tecnica=21 biblio=6
2026-07-16 22:05:44,710  INFO      
============================================================
2026-07-16 22:05:44,730  INFO      RESUMEN FINAL
2026-07-16 22:05:44,743  INFO        Total archivos procesados: 37
2026-07-16 22:05:44,775  INFO        ✓ Insertados correctamente: 0
2026-07-16 22:05:44,778  INFO        ⏭  Saltados (ya existían):  0
2026-07-16 22:05:44,796  INFO        ✗ Errores:                 37
2026-07-16 22:05:44,813  INFO        Log guardado en:            \\LAMARSERVER\Empresa\Lamar\LIMSS\backend\WORD\importacion_20260716_220530.log
2026-07-16 22:05:44,840  INFO      ============================================================
