2026-07-16 22:48:58,546  INFO      Carpeta: \\LAMARSERVER\Empresa\Lamar\LIMSS\backend\WORDPT
2026-07-16 22:48:58,547  INFO      Archivos encontrados: 42
2026-07-16 22:48:58,548  INFO      Modo: DRY RUN
2026-07-16 22:48:58,549  INFO      ============================================================
2026-07-16 22:48:58,550  INFO      
-> Amoxicilina 100 Comp  ESP.docx
2026-07-16 22:49:00,590  ERROR       No se pudo extraer el codigo PT de Amoxicilina 100 Comp  ESP.docx
2026-07-16 22:49:00,593  INFO      
-> Amoxicilina 250 Comp  ESP.docx
2026-07-16 22:49:00,665  ERROR       No se pudo extraer el codigo PT de Amoxicilina 250 Comp  ESP.docx
2026-07-16 22:49:00,676  INFO      
-> Amoxicilina 500 Comp  ESP.docx
2026-07-16 22:49:00,732  ERROR       No se pudo extraer el codigo PT de Amoxicilina 500 Comp  ESP.docx
2026-07-16 22:49:00,735  INFO      
-> Amoxicilina Suspensión  ESP.docx
2026-07-16 22:49:00,799  ERROR       No se pudo extraer el codigo PT de Amoxicilina Suspensión  ESP.docx
2026-07-16 22:49:00,801  INFO      
-> Bronco Tos  ESP.docx
2026-07-16 22:49:00,861  ERROR       No se pudo extraer el codigo PT de Bronco Tos  ESP.docx
2026-07-16 22:49:00,868  INFO      
-> Bronco Tos Forte ESP.docx
2026-07-16 22:49:00,918  ERROR       No se pudo extraer el codigo PT de Bronco Tos Forte ESP.docx
2026-07-16 22:49:00,928  INFO      
-> Celam 1000 Comp  ESP.docx
2026-07-16 22:49:01,132  ERROR       No se pudo extraer el codigo PT de Celam 1000 Comp  ESP.docx
2026-07-16 22:49:01,135  INFO      
-> Celam 500 Comp  ESP.docx
2026-07-16 22:49:01,283  ERROR       No se pudo extraer el codigo PT de Celam 500 Comp  ESP.docx
2026-07-16 22:49:01,285  INFO      
-> Celam Suspensión  ESP.docx
2026-07-16 22:49:01,401  ERROR       No se pudo extraer el codigo PT de Celam Suspensión  ESP.docx
2026-07-16 22:49:01,403  INFO      
-> Clindamicin 110 mg Comp  ESP.docx
2026-07-16 22:49:01,515  ERROR       No se pudo extraer el codigo PT de Clindamicin 110 mg Comp  ESP.docx
2026-07-16 22:49:01,523  INFO      
-> Clindamicin 220 mg Comp  ESP.docx
2026-07-16 22:49:01,609  ERROR       No se pudo extraer el codigo PT de Clindamicin 220 mg Comp  ESP.docx
2026-07-16 22:49:01,611  INFO      
-> Clormadinona Lamar Comp  ESP.docx
2026-07-16 22:49:01,693  ERROR       No se pudo extraer el codigo PT de Clormadinona Lamar Comp  ESP.docx
2026-07-16 22:49:01,695  INFO      
-> Clorpromazina Lamar Comp  ESP.docx
2026-07-16 22:49:01,773  ERROR       No se pudo extraer el codigo PT de Clorpromazina Lamar Comp  ESP.docx
2026-07-16 22:49:01,774  INFO      
-> Dexametasona iny ESP.docx
2026-07-16 22:49:01,879  ERROR       No se pudo extraer el codigo PT de Dexametasona iny ESP.docx
2026-07-16 22:49:01,880  INFO      
-> Dexametasona Lamar Comp  ESP.docx
2026-07-16 22:49:01,954  ERROR       No se pudo extraer el codigo PT de Dexametasona Lamar Comp  ESP.docx
2026-07-16 22:49:01,955  INFO      
-> Diazepan iny ESP.docx
2026-07-16 22:49:02,020  ERROR       No se pudo extraer el codigo PT de Diazepan iny ESP.docx
2026-07-16 22:49:02,021  INFO      
-> Enrofloxacina 150 mg Comp  ESP.docx
2026-07-16 22:49:02,095  ERROR       No se pudo extraer el codigo PT de Enrofloxacina 150 mg Comp  ESP.docx
2026-07-16 22:49:02,096  INFO      
-> Enrofloxacina 50 mg Comp  ESP.docx
2026-07-16 22:49:02,173  ERROR       No se pudo extraer el codigo PT de Enrofloxacina 50 mg Comp  ESP.docx
2026-07-16 22:49:02,174  INFO      
-> Entero sulfatrin susp ESP.docx
2026-07-16 22:49:02,239  ERROR       No se pudo extraer el codigo PT de Entero sulfatrin susp ESP.docx
2026-07-16 22:49:02,241  INFO      
-> Fenbendazol susp  ESP.docx
2026-07-16 22:49:02,317  ERROR       No se pudo extraer el codigo PT de Fenbendazol susp  ESP.docx
2026-07-16 22:49:02,318  INFO      
-> Glucosa inyESP.docx
2026-07-16 22:49:02,390  ERROR       No se pudo extraer el codigo PT de Glucosa inyESP.docx
2026-07-16 22:49:02,405  INFO      
-> Griseofulvina Lamar Comp  ESP.docx
2026-07-16 22:49:02,465  ERROR       No se pudo extraer el codigo PT de Griseofulvina Lamar Comp  ESP.docx
2026-07-16 22:49:02,466  INFO      
-> Hidroxicina Lamar Comp  ESP.docx
2026-07-16 22:49:02,552  ERROR       No se pudo extraer el codigo PT de Hidroxicina Lamar Comp  ESP.docx
2026-07-16 22:49:02,576  INFO      
-> Knock Out  ESP.docx
2026-07-16 22:49:02,641  ERROR       No se pudo extraer el codigo PT de Knock Out  ESP.docx
2026-07-16 22:49:02,642  INFO      
-> Levamisol Comp  ESP.docx
2026-07-16 22:49:02,710  ERROR       No se pudo extraer el codigo PT de Levamisol Comp  ESP.docx
2026-07-16 22:49:02,711  INFO      
-> Levamisol gotas ESP.docx
2026-07-16 22:49:02,776  ERROR       No se pudo extraer el codigo PT de Levamisol gotas ESP.docx
2026-07-16 22:49:02,778  INFO      
-> Mebendazol comp ESP.docx
2026-07-16 22:49:02,867  ERROR       No se pudo extraer el codigo PT de Mebendazol comp ESP.docx
2026-07-16 22:49:02,871  INFO      
-> Mebendazol susp ESP.docx
2026-07-16 22:49:02,946  ERROR       No se pudo extraer el codigo PT de Mebendazol susp ESP.docx
2026-07-16 22:49:02,946  INFO      
-> Megestrol Comp  ESP.docx
2026-07-16 22:49:03,043  ERROR       No se pudo extraer el codigo PT de Megestrol Comp  ESP.docx
2026-07-16 22:49:03,044  INFO      
-> Metoclopramida gotas ESP.docx
2026-07-16 22:49:03,121  ERROR       No se pudo extraer el codigo PT de Metoclopramida gotas ESP.docx
2026-07-16 22:49:03,122  INFO      
-> Metoclopramida iny ESP.docx
2026-07-16 22:49:03,201  ERROR       No se pudo extraer el codigo PT de Metoclopramida iny ESP.docx
2026-07-16 22:49:03,204  INFO      
-> Praziquantel  Lamar Comp  ESP.docx
2026-07-16 22:49:03,272  ERROR       No se pudo extraer el codigo PT de Praziquantel  Lamar Comp  ESP.docx
2026-07-16 22:49:03,274  INFO      
-> Prednisolona 10 mg Comp  ESP.docx
2026-07-16 22:49:03,343  ERROR       No se pudo extraer el codigo PT de Prednisolona 10 mg Comp  ESP.docx
2026-07-16 22:49:03,348  INFO      
-> Prednisolona 20 mg Comp  ESP.docx
2026-07-16 22:49:03,415  ERROR       No se pudo extraer el codigo PT de Prednisolona 20 mg Comp  ESP.docx
2026-07-16 22:49:03,416  INFO      
-> Sedagotas ESP.docx
2026-07-16 22:49:03,528  ERROR       No se pudo extraer el codigo PT de Sedagotas ESP.docx
2026-07-16 22:49:03,532  INFO      
-> Sulfatrim Comp  ESP.docx
2026-07-16 22:49:03,685  ERROR       No se pudo extraer el codigo PT de Sulfatrim Comp  ESP.docx
2026-07-16 22:49:03,686  INFO      
-> Sulfatrim F Comp  ESP.docx
2026-07-16 22:49:03,792  ERROR       No se pudo extraer el codigo PT de Sulfatrim F Comp  ESP.docx
2026-07-16 22:49:03,794  INFO      
-> Sulfatrim susp ESP.docx
2026-07-16 22:49:03,892  ERROR       No se pudo extraer el codigo PT de Sulfatrim susp ESP.docx
2026-07-16 22:49:03,893  INFO      
-> T4 Comp  ESP.docx
2026-07-16 22:49:03,966  ERROR       No se pudo extraer el codigo PT de T4 Comp  ESP.docx
2026-07-16 22:49:03,970  INFO      
-> T4 F Comp  ESP.docx
2026-07-16 22:49:04,082  ERROR       No se pudo extraer el codigo PT de T4 F Comp  ESP.docx
2026-07-16 22:49:04,083  INFO      
-> Triamcinolona 6 iny ESP.docx
2026-07-16 22:49:04,149  ERROR       No se pudo extraer el codigo PT de Triamcinolona 6 iny ESP.docx
2026-07-16 22:49:04,153  INFO      
-> Vaselina Liquida ESP.docx
2026-07-16 22:49:04,210  ERROR       No se pudo extraer el codigo PT de Vaselina Liquida ESP.docx
2026-07-16 22:49:04,212  INFO      
============================================================
2026-07-16 22:49:04,215  INFO      RESUMEN FINAL
2026-07-16 22:49:04,216  INFO        Insertados: 0
2026-07-16 22:49:04,219  INFO        Saltados:   0
2026-07-16 22:49:04,222  INFO        Errores:    42
2026-07-16 22:49:04,225  INFO      ============================================================
